                                                  HTAN7AFLSR                                                  
                                               HTAN7AFLSR_DICT                                                

                                       HTAN7AFLSR.DCF                                                         
                                    Last Modified:  12/17/2019  4:51:39 PM                                    

--------------------------------------------------------------------------------------------------------------
Level Name                    Level Label                                                  Type            Rec
  Record Name                   Record Label                                              Value  Req  Max  Len
--------------------------------------------------------------------------------------------------------------
INVENTORY                     INVENTORY                                                                       
  RECORD1                       RECORD1                                                          Yes    1  307
Level: INVENTORY                                       Record: RECORD1
--------------------------------------------------------------------------------------------------------------
                                                                                 Data Item            Dec Zero
Item Name              Item Label                                     Start  Len Type Type  Occ  Dec Char Fill
--------------------------------------------------------------------------------------------------------------
INV_ID            (id) INVENTORY ID                                       1    5    N    I    1    0   No   No
P_ID              (id) Unit/Provider line number ID                       6    2    N    I    1    0   No   No
OBS_N             (id) Client type code                                   8    2   AN    I    1    0   No   No
                               AN  ANC
                               SC  Child Sick
                               FP  Family Planning
                               SI  STI
                               IN  Injection
                               DC  Delivery
                               LD  Labor/Delivery
OBS_ID            (id) Client ID                                         10    3    N    I    1    0   No   No
                         (record type)                                    0    0   AN    I    1    0   No   No
C000                   Survey phase                                      13    4   AN    I    1    0   No   No
C001                   Department (Country-specific)                     17    2    N    I    1    0   No   No
                               1   West
                               2   Southeast
                               3   North
                               4   Northeast
                               5   Artibonite
                               6   Central
                               7   South
                               8   Grand-Anse
                               9   Northwest
                               10  Nippes
C002                   Commune (Country-specific)                        19    4    N    I    1    0   No   No
                               111   Port-Au-Prince
                               112   Cité-Soleil/Delmas/Tabarre
                               113   Carrefour
                               114   Pétion-ville
                               115   Kenscoff
                               116   Gressier
                               121   Léogâne
                               122   Petit-Goâve
                               123   Grand-Goâve
                               131   Croix-des-Bouquets
                               132   Thomazeau
                               133   Ganthier
                               134   Cornillon
                               135   Fonds-Verrettes
                               141   Arcahaie
                               142   Cabaret
                               151   Anse-à-Galets
                               152   Pointe-à-Raquettes
                               211   Jacmel
                               212   Marigot
                               213   Cayes-Jacmel
                               214   La Vallée
                               221   Bainet
                               222   Côtes-de-Fer
                               231   Belle-Anse
                               232   Grand-Gosier
                               233   Thiotte
                               234   Anse-à-Pitres
                               311   Cap-Haïtien
                               312   Quartier-Morin
                               313   Limonade
                               321   Acul-du-Nord
                               322   Plaine-du-Nord
                               323   Milot
                               331   Grande-Rivière
                               332   Bahon
                               341   Saint-Raphaël
                               342   Dondon
                               343   Ranquitte
                               344   Pignon
                               345   La Victoire
                               351   Borgne
                               352   Port-Margot
                               361   Limbé
                               362   Bas-Limbé
                               371   Plaisance
                               372   Pilate
                               411   Fort-Liberté
                               412   Ferrier
                               413   Perches
                               421   Ouanaminthe
                               422   Capotille
                               423   Mont-Organisé
                               431   Trou-du-Nord
                               432   Sainte-Suzanne
                               433   Terrier-Rouge
                               434   Caracol
                               441   Vallières
                               442   Carice
                               443   Mombin-Crochu
                               511   Gonaïves
                               512   Ennery
                               513   L'Estère
                               521   Gros-Morne
                               522   Terre-Neuve
                               523   Anse-Rouge
                               531   Saint-Marc
                               532   Verrettes
                               533   La Chapelle
                               541   Dessalines
                               542   Petite-Rivière de l'Artibonite
                               543   Grande Saline
                               544   Desdunes
                               551   Saint-Michel
                               552   Marmelade
                               611   Hinche
                               612   Maïssade
                               613   Thomonde
                               614   Cerca-Cavajal
                               621   Mirebalais
                               622   Saut-d'Eau
                               623   Boucan-Carré
                               631   Lascahobas
                               632   Belladère
                               633   Savanette
                               641   Cerca-La-Source
                               642   Thomassique
                               711   Les Cayes
                               712   Torbeck
                               713   Chantal
                               714   Camp-Perrin
                               715   Maniche
                               716   Île-à-Vache
                               721   Port-Salut
                               722   Saint-Jean
                               723   Arniquet
                               731   Aquin
                               732   Saint-Louis du Sud
                               733   Cavaillon
                               741   Côteaux
                               742   Port-à-Piment
                               743   Roche-à-Bateau
                               751   Chardonnières
                               752   Les Anglais
                               753   Tiburon
                               811   Jérémie
                               812   Abricots
                               813   Bonbon
                               814   Moron
                               815   Chambellan
                               821   Anse-d'Hainault
                               822   Dame-Marie
                               823   Les Irois
                               831   Corail
                               832   Roseaux
                               833   Beaumont
                               834   Pestel
                               911   Port-de-Paix
                               912   La Tortue
                               913   Bassin-Bleu
                               914   Chansolme
                               921   St-Ls-du-Nord'Ouest
                               922   Anse-à-Foleur
                               931   Môle-Saint-Nicolas
                               932   Baie-de-Henne
                               933   Bombardopolis
                               934   Jean-Rabel
                               1001  Fonds-des-Nègres
                               1002  Arnaud
                               1003  Grand-Boucan
                               1004  Paillant
                               1005  Plaisance
                               1041  Miragoâne
                               1042  Petite-Rivière de Nippes
                               1051  Anse-à-Veau
                               1052  Baradères
                               1053  Petit-Trou
                               1054  L'Asile
C003                   Urban/rural                                       23    1    N    I    1    0   No   No
                               1  Urban
                               2  Rural
                           (m) 9  
C004                   Facility number                                   24    5    N    I    1    0   No   No
C004P                  Provider line number                              29    2    N    I    1    0   No   No
C004CT                 Client type code (alpha)                          31    2   AN    I    1    0   No   No
                               AN  ANC
                               SC  Child Sick
                               FP  Family Planning
                               SI  STI
                               IN  Injection
                               DC  Delivery
                               LD  Labor/Delivery
C004CN                 Client ID number                                  33    3    N    I    1    0   No   No
C005                   Sample weight                                     36    8    N    I    1    0   No   No
C007                   Facility type (Country-specific)                  44    2    N    I    1    0   No   No
                               1  University hospital
                               2  Department hospital
                               3  Community reference hospital
                               4  Other hospitals
                               5  Health Center with lit
                               6  Health Center without lit
                               7  Dispensary/Community Health Center
C008                   Facility managing authority (Country-specific)    46    2    N    I    1    0   No   No
                               1  Government/public
                               2  Private not for profit
                               3  Private for profit
                               4  Mixed
C009A                  Interviewer for observation                       48    4    N    I    1    0   No   No
                               1000:2404  
C009B                  Interviewer for exit interview                    52    4    N    I    1    0   No   No
                               1000:2404  
C009C                  NA - Keyer                                        56    3    N    I    1    0   No   No
                               10:205  
C020A                  Result of observation                             59    1    N    I    1    0   No   No
                               0  Refused by provider or client
                               1  Complete
                               7  Not returned from field
C020B                  Result of exit interview                          60    1    N    I    1    0   No   No
                               0  Refused by client
                               1  Complete
                               2  Sick child admitted, not possible to continue
                               7  Not returned from field
C021                   Type of client                                    61    1    N    I    1    0   No   No
                               1  ANC
                               2  Child Sick
                               3  Family Planning
                               6  CS - Labor/Delivery
C022                   Sex of provider                                   62    1    N    I    1    0   No   No
                               1  Male
                               2  Female
                           (m) 9  
C023                   Sex of client/sick child                          63    1    N    I    1    0   No   No
                               1  Male
                               2  Female
                           (m) 9  
C024                   Technical qualification of provider (Country-sp   64    2    N    I    1    0   No   No
  (C024_VS1)             Technical qualification of provider (Country-sp
                               1   Generalist Medical Doctor
                               2   Specialist Medical Doctor
                               3   Clinical Officer (Degree Level)
                               4   Clinical Technician (Diploma)
                               5   Medical Assistant
                               21  Registered Nurse (BSN)
                               22  Registered Nurse Midwife (BSN)
                               23  Registered Psychiatric Nurse
                               24  Registered Nurse with Diploma
                               25  Enrolled Nurse
                               26  Community Health Nurse
                               27  Enrolled Midwife /Nurse Midwife Technical
                               28  Enrolled Nurse Midwife
                               31  Pharmacist
                               32  Pharmacy Assistant
                               35  Laboratory Technician
                               36  Laboratory Assistant
                               37  Radiology Technician
                               38  Medical Imaging Technician
                               41  Environment Health Officer
                               42  Health Surveillance Assistant (HSA)
                               43  HIV Testing and Counseling Counselors (NON-HSA)
                               44  Dental Hygienist
                               71  Other Community Health Workers
                               96  Other
                               97  No Technical Qualification
                               99  Missing
                          (na)     
  (C024_VS2)             Technical qualification of provider (standard g
                               1:19   Medical
                               21:29  Nursing
                               31:34  Pharmacy
                               35:39  Lab staff
                               41:49  Other clinical
                               71:79  Other client service
                               96     Other providing clinical services
                           (m) 99     Missing
C032                   Month of observation/interview                    66    2    N    I    1    0   No   No
                               1   January
                               2   February
                               3   March
                               4   April
                               5   May
                               6   June
                               7   July
                               8   August
                               9   September
                               10  October
                               11  November
                               12  December
C033                   Year of observation/interview                     68    4    N    I    1    0   No   No
                               2017:2018  
                          (na)            
C033D                  Day of observation/interview                      72    2    N    I    1    0   No   No
                               1:31  
C501                   Duration of wait before being seen                74    3    N    I    1    0   No   No
                               0      Saw provider immediately
                               1:600  
                               998    Don't know
                           (m) 999    
                          (na)        
C502A                  Client problem during visit: Time had to wait     77    1    N    I    1    0   No   No
                               0  No problem
                               1  Large problem
                               2  Small problem
                               8  Don't know
                           (m) 9  
                          (na)    
C502B                  Client problem during visit: Ability to discuss   78    1    N    I    1    0   No   No
                               0  No problem
                               1  Large problem
                               2  Small problem
                               8  Don't know
                           (m) 9  
                          (na)    
C502C                  Client problem during visit: Amount of explanat   79    1    N    I    1    0   No   No
                               0  No problem
                               1  Large problem
                               2  Small problem
                               8  Don't know
                           (m) 9  
                          (na)    
C502E                  Client problem during visit: Visual privacy       80    1    N    I    1    0   No   No
                               0  No problem
                               1  Large problem
                               2  Small problem
                               8  Don't know
                           (m) 9  
                          (na)    
C502F                  Client problem during visit: Auditory privacy     81    1    N    I    1    0   No   No
                               0  No problem
                               1  Large problem
                               2  Small problem
                               8  Don't know
                           (m) 9  
                          (na)    
C502G                  Client problem during visit: Availability of me   82    1    N    I    1    0   No   No
                               0  No problem
                               1  Large problem
                               2  Small problem
                               8  Don't know
                           (m) 9  
                          (na)    
C502H                  Client problem during visit: Hours of service     83    1    N    I    1    0   No   No
                               0  No problem
                               1  Large problem
                               2  Small problem
                               8  Don't know
                           (m) 9  
                          (na)    
C502I                  Client problem during visit: Days of service      84    1    N    I    1    0   No   No
                               0  No problem
                               1  Large problem
                               2  Small problem
                               8  Don't know
                           (m) 9  
                          (na)    
C502J                  Client problem during visit: Cleanliness of fac   85    1    N    I    1    0   No   No
                               0  No problem
                               1  Large problem
                               2  Small problem
                               8  Don't know
                           (m) 9  
                          (na)    
C502K                  Client problem during visit: Staff treatment of   86    1    N    I    1    0   No   No
                               0  No problem
                               1  Large problem
                               2  Small problem
                               8  Don't know
                           (m) 9  
                          (na)    
C502L                  Client problem during visit: Cost                 87    1    N    I    1    0   No   No
                               0  No problem
                               1  Large problem
                               2  Small problem
                               8  Don't know
                           (m) 9  
                          (na)    
C503                   Part of prepayment plan/insurance that pays par   88    1    N    I    1    0   No   No
                               0  No
                               1  Yes
                               8  Don't know
                           (m) 9  
                          (na)    
C504                   Charged for services today                        89    1    N    I    1    0   No   No
                               0  No
                               1  Yes
                           (m) 9  
                          (na)    
C505                   Total amount paid in Gourdes                      90    6    N    I    1    0   No   No
                               0:999990  
                               999998    Don't know
                           (m) 999999    
                          (na)           
C507                   Facility nearest to home                          96    1    N    I    1    0   No   No
                               0  No
                               1  Yes
                               8  Don't know
                           (m) 9  
                          (na)    
C508                   Reason did not go to nearest facility             97    2    N    I    1    0   No   No
                               1   Inconvenient operating hours
                               2   Bad reputation
                               3   Don't like personnel
                               4   No medicine
                               5   Prefers to remain anonymous
                               6   More expensive
                               7   Referral
                               96  Other
                               98  Don't know
                           (m) 99  
                          (na)     
C510                   Caretaker relationship to sick child (Sick chil   99    1    N    I    1    0   No   No
                               1  Mother
                               2  Father
                               3  Sibling
                               4  Aunt or uncle
                               5  Grandparent
                               6  Other
                           (m) 9  
                          (na)    
C511                   Age of client (caretaker of client)              100    2    N    I    1    0   No   No
                               10:95  
                               98     Don't know
                           (m) 99     
C512                   Highest level of education attended              102    1    N    I    1    0   No   No
                               0  Never attended school
                               1  Primary
                               2  Secondary
                               3  Higher
                               8  Don't know
                           (m) 9  
C514                   Literacy level                                   103    1    N    I    1    0   No   No
                               0  Cannot read or write
                               1  Read only
                               2  Read and write
                               8  Don't know
                               0  
                           (m) 9  
C515                   Country reported highest level of education att  104    1    N    I    1    0   No   No
                               0  No schooling
                               1  Primary
                               2  Post-primary/Technical
                               3  Secondary
                               4  Higher/University
                           (m) 9  
                          (na)    
C517A                  Time observation interview began                 105    4    N    I    1    0   No   No
                               0:2459  
                               9797    Inconsistent
                               9898    Don't know
                           (m) 9999    
                          (na)         
C517B                  Time observation interview ended                 109    4    N    I    1    0   No   No
                               0:2459  
                               9797    Inconsistent
                               9898    Don't know
                           (m) 9999    
                          (na)         
C518A                  Time exit interview began                        113    4    N    I    1    0   No   No
                               100:2459  
                               9797      Inconsistent
                               9898      Don't know
                           (m) 9999      
                          (na)           
C518B                  Time exit interview ended                        117    4    N    I    1    0   No   No
                               100:2459  
                               9797      Inconsistent
                               9898      Don't know
                           (m) 9999      
                          (na)           
C520                   Opinion of services given today                  121    2    N    I    1    0   No   No
                               1   Very satisfied
                               2   Somewhat satisfied
                               3   Not satisfied
                           (m) 99  
                          (na)     
C521                   Would recommend to friend/family member          123    1    N    I    1    0   No   No
                               0  No
                               1  Yes
                               8  DK
                           (m) 9  
                          (na)    
C522                   First observation for this provider for this se  124    1    N    I    1    0   No   No
                               0  No or incomplete observation
                               1  Yes
                               2  More than 1 reported as first
SCDEPART               CS - Region with West separated for metropolita  125    2    N    I    1    0   No   No
                               0   West
                               1   ...Metropolitan
                               2   ...Other West
                               3   Southeast
                               4   North
                               5   Northeast
                               6   Artibonite
                               7   Central
                               8   South
                               9   Grand-Anse
                               10  Northwest
                               11  Nippes
SCLOCAL                CS - Metropolitan/other cities/locality          127    1    N    I    1    0   No   No
                               1  Metropolitan
                               2  Other cities
                               3  Locality
C101A                  Number of visits to this facility for this preg  128    1    N    I    1    0   No   No
                               1:4  Visits
                               5    5 or more visits
                               8    Don't  know
                           (m) 9    
                          (na)      
C101F                  Flag: Consistency of visit number: observation   129    1    N    I    1    0   No   No
                               0  One first visit, other not first visit
                               1  Both the same
                               2  Both greater than 1st visit
C102                   Client first pregnancy (OBSERVATION only)        130    1    N    I    1    0   No   No
                               0  No
                               1  Yes, first
                               8  Don't know
                           (m) 9  
                          (na)    
C102F                  Flag: Consistency of first pregnancy: observati  131    1    N    I    1    0   No   No
                               1  Both the same
                               2  First pregnancy in observation, not first pregnancy reported by client
                               3  First pregnancy reported by client, not first pregnancy in observation
                               8  Observation responses is DK/Missing
C103A                  Client history information provided: Age         132    1    N    I    1    0   No   No
                               0  No
                               1  Yes
                           (m) 9  
                          (na)    
C103B                  Client history information provided: Current me  133    1    N    I    1    0   No   No
                               0  No
                               1  Yes
                           (m) 9  
                          (na)    
C103C                  Client history information provided: Date last   134    1    N    I    1    0   No   No
                               0  No
                               1  Yes
                           (m) 9  
                          (na)    
C103D                  Client history information provided: Number of   135    1    N    I    1    0   No   No
                               0  No
                               1  Yes
                           (m) 9  
                          (na)    
C103Y                  Client history information provided: No history  136    1    N    I    1    0   No   No
                               0  No
                               1  Yes, none
                           (m) 9  
                          (na)    
C104A                  Client prior pregnancy: Prior stillbirth(s)      137    1    N    I    1    0   No   No
                               0  No
                               1  Yes
                           (m) 9  
                          (na)    
C104B                  Client prior pregnancy: Infants who died in fir  138    1    N    I    1    0   No   No
                               0  No
                               1  Yes
                           (m) 9  
                          (na)    
C104C                  Client prior pregnancy: Heavy bleeding during o  139    1    N    I    1    0   No   No
                               0  No
                               1  Yes
                           (m) 9  
                          (na)    
C104D                  Client prior pregnancy: Previous assisted deliv  140    1    N    I    1    0   No   No
                               0  No
                               1  Yes
                           (m) 9  
                          (na)    
C104E                  Client prior pregnancy: Previous spontaneous ab  141    1    N    I    1    0   No   No
                               0  No
                               1  Yes
                           (m) 9  
                          (na)    
C104F                  Client prior pregnancy: Multiple pregnancies     142    1    N    I    1    0   No   No
                               0  No
                               1  Yes
                           (m) 9  
                          (na)    
C104G                  Client prior pregnancy: Prolonged labor          143    1    N    I    1    0   No   No
                               0  No
                               1  Yes
                           (m) 9  
                          (na)    
C104H                  Client prior pregnancy: Pregnancy-induced hyper  144    1    N    I    1    0   No   No
                               0  No
                               1  Yes
                           (m) 9  
                          (na)    
C104I                  Client prior pregnancy: Pregnancy related convu  145    1    N    I    1    0   No   No
                               0  No
                               1  Yes
                           (m) 9  
                          (na)    
C104J                  Client prior pregnancy: High fever or infection  146    1    N    I    1    0   No   No
                               0  No
                               1  Yes
                           (m) 9  
                          (na)    
C104K                  CS - Client prior pregnancy: Infants who died d  147    1    N    I    1    0   No   No
                               0  No
                               1  Yes
                           (m) 9  
                          (na)    
C104Y                  Client prior pregnancy: No aspects of prior pre  148    1    N    I    1    0   No   No
                               0  No
                               1  Yes, none
                           (m) 9  
                          (na)    
C105A                  Provider/client asked about danger sign: Bleedi  149    1    N    I    1    0   No   No
                               0  No
                               1  Yes
                           (m) 9  
                          (na)    
C105B                  Provider/client asked about danger sign: Fever   150    1    N    I    1    0   No   No
                               0  No
                               1  Yes
                           (m) 9  
                          (na)    
C105C                  Provider/client asked about danger sign: Headac  151    1    N    I    1    0   No   No
                               0  No
                               1  Yes
                           (m) 9  
                          (na)    
C105D                  Provider/client asked about danger sign: Swolle  152    1    N    I    1    0   No   No
                               0  No
                               1  Yes
                           (m) 9  
                          (na)    
C105E                  Provider/client asked about danger sign: Tiredn  153    1    N    I    1    0   No   No
                               0  No
                               1  Yes
                           (m) 9  
                          (na)    
C105F                  Provider/client asked about danger sign: Fetal   154    1    N    I    1    0   No   No
                               0  No
                               1  Yes
                           (m) 9  
                          (na)    
C105G                  Provider/client asked about danger sign: Any ot  155    1    N    I    1    0   No   No
                               0  No
                               1  Yes
                           (m) 9  
                          (na)    
C105H                  Provider/client asked about danger sign: Cough   156    1    N    I    1    0   No   No
                               0  No
                               1  Yes
                           (m) 9  
                          (na)    
C105X                  NA - Provider/client asked about danger sign: O  157    1    N    I    1    0   No   No
                               0  No
                               1  Yes
                           (m) 9  
                          (na)    
C105Y                  Provider/client asked about danger sign: No dan  158    1    N    I    1    0   No   No
                               0  No
                               1  Yes, none
                           (m) 9  
                          (na)    
C105A1                 Provider counseled danger sign: Bleeding         159    1    N    I    1    0   No   No
                               0  No
                               1  Yes
                           (m) 9  
                          (na)    
C105B1                 Provider counseled danger sign: Fever            160    1    N    I    1    0   No   No
                               0  No
                               1  Yes
                           (m) 9  
                          (na)    
C105C1                 Provider counseled danger sign: Headache or blu  161    1    N    I    1    0   No   No
                               0  No
                               1  Yes
                           (m) 9  
                          (na)    
C105D1                 Provider counseled danger sign: Swollen face, h  162    1    N    I    1    0   No   No
                               0  No
                               1  Yes
                           (m) 9  
                          (na)    
C105E1                 Provider counseled danger sign: Tiredness or br  163    1    N    I    1    0   No   No
                               0  No
                               1  Yes
                           (m) 9  
                          (na)    
C105F1                 Provider counseled danger sign: Fetal movement   164    1    N    I    1    0   No   No
                               0  No
                               1  Yes
                           (m) 9  
                          (na)    
C105G1                 Provider counseled danger sign: Any other sympt  165    1    N    I    1    0   No   No
                               0  No
                               1  Yes
                           (m) 9  
                          (na)    
C105H1                 Provider counseled danger sign: Cough or diffic  166    1    N    I    1    0   No   No
                               0  No
                               1  Yes
                           (m) 9  
                          (na)    
C105X1                 NA - Provider counseled danger sign: Other prob  167    1    N    I    1    0   No   No
                               0  No
                               1  Yes
                           (m) 9  
                          (na)    
C105Y1                 Provider counseled danger sign: No danger signs  168    1    N    I    1    0   No   No
                               0  No
                               1  Yes, none
                           (m) 9  
                          (na)    
C106A                  Procedures performed: Blood pressure             169    1    N    I    1    0   No   No
                               0  No
                               1  Yes
                           (m) 9  
                          (na)    
C106B                  Procedures performed: Palpate abdomen for fetal  170    1    N    I    1    0   No   No
                               0  No
                               1  Yes
                           (m) 9  
                          (na)    
C106C                  Procedures performed: Palpate abdomen for fetal  171    1    N    I    1    0   No   No
                               0  No
                               1  Yes
                           (m) 9  
                          (na)    
C106D                  Procedures performed: Listen to abdomen for fet  172    1    N    I    1    0   No   No
                               0  No
                               1  Yes
                           (m) 9  
                          (na)    
C106K                  Procedures performed: Weigh client               173    1    N    I    1    0   No   No
                               0  No
                               1  Yes
                           (m) 9  
                          (na)    
C106L                  Procedures performed: Examine conjunctiva/palms  174    1    N    I    1    0   No   No
                               0  No
                               1  Yes
                           (m) 9  
                          (na)    
C106M                  Procedures performed: Examine legs/feet/hands f  175    1    N    I    1    0   No   No
                               0  No
                               1  Yes
                           (m) 9  
                          (na)    
C106N                  Procedures performed: Examine client's breasts   176    1    N    I    1    0   No   No
                               0  No
                               1  Yes
                           (m) 9  
                          (na)    
C106O                  Procedures performed: Conduct vaginal exam/exam  177    1    N    I    1    0   No   No
                               0  No
                               1  Yes
                           (m) 9  
                          (na)    
C106P                  Procedures performed: Examine for swollen gland  178    1    N    I    1    0   No   No
                               0  No
                               1  Yes
                           (m) 9  
                          (na)    
C106Q                  Procedures performed: Conduct/refer ultrasound   179    1    N    I    1    0   No   No
                               0  No
                               1  Yes
                           (m) 9  
                          (na)    
C106R                  NA - Procedures performed: Measure fundal heigh  180    1    N    I    1    0   No   No
                               0  No
                               1  Yes
                           (m) 9  
                          (na)    
C106Y                  Procedures performed: None of physical exam com  181    1    N    I    1    0   No   No
                               0  No
                               1  Yes, none
                           (m) 9  
                          (na)    
CF106A                 Routine action in facility: Blood pressure       182    1    N    I    1    0   No   No
                               0  Activity not routinely done
                               1  Observed
                               2  Reported, not seen
                               8  Don't know
CF106K                 Routine action in facility: Weigh client         183    1    N    I    1    0   No   No
                               0  Activity not routinely done
                               1  Observed
                               2  Reported, not seen
                               8  Don't know
CF106XA                Routine action in facility: Conduct group healt  184    1    N    I    1    0   No   No
                               0  Activity not routinely done
                               1  Observed
                               2  Reported, not seen
                               8  Don't know
CF106XB                Routine action in facility: Urine test for prot  185    1    N    I    1    0   No   No
                               0  Activity not routinely done
                               1  Observed
                               2  Reported, not seen
                               8  Don't know
CF106XC                Routine action in facility: Blood test for anem  186    1    N    I    1    0   No   No
                               0  Activity not routinely done
                               1  Observed
                               2  Reported, not seen
                               8  Don't know
CF106XD                NA - Routine action in facility: Malaria RDT     187    1    N    I    1    0   No   No
                               0  Activity not routinely done
                               1  Observed
                               2  Reported, not seen
                               8  Don't know
CF106XE                NA - Routine action in facility: HIV testing an  188    1    N    I    1    0   No   No
                               0  Activity not routinely done
                               1  Observed
                               2  Reported, not seen
                               8  Don't know
CF106XF                NA - CS Routine action in facility: Syphilis RD  189    1    N    I    1    0   No   No
                               0  Activity not routinely done
                               1  Observed
                               2  Reported, not seen
                               8  Don't know
CF106XG                NA - CS Routine action in facility: Blood sampl  190    1    N    I    1    0   No   No
                               0  Activity not routinely done
                               1  Observed
                               2  Reported, not seen
                               8  Don't know
C107A                  Provider treatments or counsel: Prescribe/give   191    1    N    I    1    0   No   No
                               0  No
                               1  Yes
                           (m) 9  
                          (na)    
C107B                  Provider treatments or counsel: Explain purpose  192    1    N    I    1    0   No   No
                               0  No
                               1  Yes
                           (m) 9  
                          (na)    
C107C                  Provider treatments or counsel: Explain how to   193    1    N    I    1    0   No   No
                               0  No
                               1  Yes
                           (m) 9  
                          (na)    
C107D                  Provider treatments or counsel: Explain side ef  194    1    N    I    1    0   No   No
                               0  No
                               1  Yes
                           (m) 9  
                          (na)    
C107E                  Provider treatments or counsel: Prescribe or gi  195    1    N    I    1    0   No   No
                               0  No
                               1  Yes
                           (m) 9  
                          (na)    
C107F                  Provider treatments or counsel: Explain purpose  196    1    N    I    1    0   No   No
                               0  No
                               1  Yes
                           (m) 9  
                          (na)    
C107P                  Provider treatments or counsel: Prescribe or gi  197    1    N    I    1    0   No   No
                               0  No
                               1  Yes
                           (m) 9  
                          (na)    
C107Q                  Provider treatments or counsel: Explain purpose  198    1    N    I    1    0   No   No
                               0  No
                               1  Yes
                           (m) 9  
                          (na)    
C107Y1                 Provider treatments or counsel: No Iron Prophyl  199    1    N    I    1    0   No   No
                               0  No
                               1  Yes, no iron prophylaxis
                           (m) 9  
                          (na)    
C107Y2                 Provider treatments or counsel: No Tetanus Toxo  200    1    N    I    1    0   No   No
                               0  No
                               1  Yes, no tetanus toxoid
                           (m) 9  
                          (na)    
C107Y3                 Provider treatments or counsel: No Deworming co  201    1    N    I    1    0   No   No
                               0  No
                               1  Yes, no deworming
                           (m) 9  
                          (na)    
C108                   Provider discussed quantity/quality of food eat  202    1    N    I    1    0   No   No
                               0  No
                               1  Yes
                           (m) 9  
                          (na)    
C110                   Provider informed client about progress of preg  203    1    N    I    1    0   No   No
                               0  No
                               1  Yes
                           (m) 9  
                          (na)    
C111                   Provider discussed importance of at least 4 ANC  204    1    N    I    1    0   No   No
                               0  No
                               1  Yes
                           (m) 9  
                          (na)    
C111A                  Provider advised/counsel about delivery: Asked   205    1    N    I    1    0   No   No
                               0  No
                               1  Yes
                           (m) 9  
                          (na)    
C111B                  Provider advised/counsel about delivery: Use sk  206    1    N    I    1    0   No   No
                               0  No
                               1  Yes
                           (m) 9  
                          (na)    
C111C                  Provider advised/counsel about delivery: Items   207    1    N    I    1    0   No   No
                               0  No
                               1  Yes
                           (m) 9  
                          (na)    
C111E                  Provider advised/counsel about delivery: Advise  208    1    N    I    1    0   No   No
                               0  No
                               1  Yes
                           (m) 9  
                          (na)    
C113                   Provider discussed use of family planning after  209    1    N    I    1    0   No   No
                               0  No
                               1  Yes
                           (m) 9  
                          (na)    
C114                   Provider asked if client had any questions/enco  210    1    N    I    1    0   No   No
                               0  No
                               1  Yes
                           (m) 9  
                          (na)    
C115                   Provider used visual aids during consult         211    1    N    I    1    0   No   No
                               0  No
                               1  Yes
                           (m) 9  
                          (na)    
C116A                  Provider looked at client health card            212    1    N    I    1    0   No   No
                               0  No
                               1  Yes
                               2  No health card used
                           (m) 9  
                          (na)    
C116                   Provider wrote on client health card             213    1    N    I    1    0   No   No
                               0  No
                               1  Yes
                               2  No health card used
                               8  Don't know
                           (m) 9  
                          (na)    
C117                   Weeks of pregnancy according to provider         214    2    N    I    1    0   No   No
                               0:45  
                               98    Don't know
                           (m) 99    
                          (na)       
C117F                  Flag: Consistency of weeks of pregnancy in obse  216    1    N    I    1    0   No   No
                               0  Inconsistent by more than 2 weeks
                               1  Same number of weeks
                               2  Consistent within 2 weeks
C118                   Outcome of consult                               217    1    N    I    1    0   No   No
                               1  Client sent home
                               2  Client referred to lab or provider at same facility
                               3  Client admitted to same facility
                               4  Client referred to other facility
                           (m) 9  
                          (na)    
C119A                  Routine tests: Perform or refer for anemia (hem  218    1    N    I    1    0   No   No
                               0  No
                               1  Asked and performed
                               2  Performed only
                               3  Asked and referred
                               4  Referred only
                               5  Asked only
                           (m) 9  
                          (na)    
C119B                  Routine tests: Perform or refer for urine test   219    1    N    I    1    0   No   No
                               0  No
                               1  Asked and performed
                               2  Performed only
                               3  Asked and referred
                               4  Referred only
                               5  Asked only
                           (m) 9  
                          (na)    
C119C                  Routine tests: Perform or refer for syphilis te  220    1    N    I    1    0   No   No
                               0  No
                               1  Asked and performed
                               2  Performed only
                               3  Asked and referred
                               4  Referred only
                               5  Asked only
                           (m) 9  
                          (na)    
C119D                  Routine tests: Perform or refer for blood group  221    1    N    I    1    0   No   No
                               0  No
                               1  Asked and performed
                               2  Performed only
                               3  Asked and referred
                               4  Referred only
                               5  Asked only
                           (m) 9  
                          (na)    
C119Y                  Routine tests: Perform or refer for no test      222    1    N    I    1    0   No   No
                               0  No, did ask, refer or perform
                               1  Yes, did not ask, refer, perform
                           (m) 9  
                          (na)    
C120A                  HIV counsel/test: Ask if client knows HIV statu  223    1    N    I    1    0   No   No
                               0  No
                               1  Yes
                           (m) 9  
                          (na)    
C120B                  HIV counsel/test: Provide counseling related to  224    1    N    I    1    0   No   No
                               0  No
                               1  Yes
                           (m) 9  
                          (na)    
C120C                  HIV counsel/test: Refer for counseling related   225    1    N    I    1    0   No   No
                               0  No
                               1  Yes
                           (m) 9  
                          (na)    
C120D                  HIV counsel/test: Perform HIV test               226    1    N    I    1    0   No   No
                               0  No
                               1  Yes
                           (m) 9  
                          (na)    
C120E                  HIV counsel/test: Refer for HIV test             227    1    N    I    1    0   No   No
                               0  No
                               1  Yes
                           (m) 9  
                          (na)    
C120Y                  HIV counsel/test: No HIV counsel/test            228    1    N    I    1    0   No   No
                               0  No
                               1  Yes, none
                           (m) 9  
                          (na)    
C121A                  NA - Malaria: Gave malaria prophylaxis medicine  229    1    N    I    1    0   No   No
                               0  No
                               1  Yes
                           (m) 9  
                          (na)    
C121B                  NA - Malaria: Prescribed malaria prophylaxis me  230    1    N    I    1    0   No   No
                               0  No
                               1  Yes
                           (m) 9  
                          (na)    
C121C                  NA - Malaria: Explain purpose of preventative a  231    1    N    I    1    0   No   No
                               0  No
                               1  Yes
                           (m) 9  
                          (na)    
C121D                  Malarial: Explain how to take anti-malarial      232    1    N    I    1    0   No   No
                               0  No
                               1  Yes
                           (m) 9  
                          (na)    
C121E                  Malaria: Explain possible side effects of anti-  233    1    N    I    1    0   No   No
                               0  No
                               1  Yes
                           (m) 9  
                          (na)    
C121F                  NA - Malaria: Observed 1st dose of IPT taken in  234    1    N    I    1    0   No   No
                               0  No
                               1  Yes
                           (m) 9  
                          (na)    
C121G                  NA - Malaria: Importance of further doses of IP  235    1    N    I    1    0   No   No
                               0  No
                               1  Yes
                           (m) 9  
                          (na)    
C121H                  NA - Malaria: Provided ITN to client or instruc  236    1    N    I    1    0   No   No
                               0  No
                               1  Yes
                           (m) 9  
                          (na)    
C121I                  Malaria: Explicitly explained importance of usi  237    1    N    I    1    0   No   No
                               0  No
                               1  Yes
                           (m) 9  
                          (na)    
C121Y                  Malaria: No components of malaria prevention/pr  238    1    N    I    1    0   No   No
                               0  No
                               1  Yes, none
                           (m) 9  
                          (na)    
C122A                  Newborn recommendations: Care of newborn (warmt  239    1    N    I    1    0   No   No
                               0  No
                               1  Yes
                           (m) 9  
                          (na)    
C122B                  Newborn recommendations: Early initiation and p  240    1    N    I    1    0   No   No
                               0  No
                               1  Yes
                           (m) 9  
                          (na)    
C122C                  Newborn recommendations: Exclusive breastfeedin  241    1    N    I    1    0   No   No
                               0  No
                               1  Yes
                           (m) 9  
                          (na)    
C122D                  Newborn recommendations: Importance of newborn   242    1    N    I    1    0   No   No
                               0  No
                               1  Yes
                           (m) 9  
                          (na)    
C122Y                  Newborn recommendations: No newborn/post-partum  243    1    N    I    1    0   No   No
                               0  No
                               1  Yes, no newborn/postpartum recommendations given
                           (m) 9  
                          (na)    
C150                   Antenatal care card seen                         244    1    N    I    1    0   No   No
                               0  No card/book used
                               1  Yes, card seen
                               2  Yes, card kept with facility
                           (m) 9  
                          (na)    
C151                   Tetanus toxoid notation in antenatal care card   245    1    N    I    1    0   No   No
                               0  No record
                               1  Yes, 1 time
                               2  Yes, 2 times
                               3  Yes, 3 or more times
                               8  Don't know
                           (m) 9  
                          (na)    
C152                   Weeks pregnant according to card                 246    2    N    I    1    0   No   No
                               0:45  
                               95    No card available
                           (m) 99    
                          (na)       
C154                   First pregnancy according to respondent          248    1    N    I    1    0   No   No
                               0  No
                               1  Yes
                           (m) 9  
                          (na)    
C155A                  Number of visits to this facility for this preg  249    1    N    I    1    0   No   No
                               1:4  Visits
                               5    More than 4 visits
                           (m) 9    
                          (na)      
C156                   Given iron tablets, folic acid, combined tablet  250    1    N    I    1    0   No   No
                               0  No
                               1  Yes, this and previous visit
                               2  Yes, only this visit
                               3  Yes, only previous visit
                               8  Don't know
                           (m) 9  
                          (na)    
C158                   Provider explained how to take tablets           251    1    N    I    1    0   No   No
                               0  No
                               1  Yes, this and previous visit
                               2  Yes, only this visit
                               3  Yes, only previous visit
                               8  Don't know
                           (m) 9  
                          (na)    
C159                   Provider discussed side effects of iron tablets  252    1    N    I    1    0   No   No
                               0  No
                               1  Yes, this and previous visit
                               2  Yes, only this visit
                               3  Yes, only previous visit
                               8  Don't know
                           (m) 9  
                          (na)    
C160A                  Iron side effect known by client: Nausea         253    1    N    I    1    0   No   No
                               0  No
                               1  Yes
                           (m) 9  
                          (na)    
C160B                  Iron side effect known by client: Black stools   254    1    N    I    1    0   No   No
                               0  No
                               1  Yes
                           (m) 9  
                          (na)    
C160C                  Iron side effect known by client: Constipation   255    1    N    I    1    0   No   No
                               0  No
                               1  Yes
                           (m) 9  
                          (na)    
C160X                  Iron side effect known by client: Other          256    1    N    I    1    0   No   No
                               0  No
                               1  Yes
                           (m) 9  
                          (na)    
C160Z                  Iron side effect known by client: Don't know     257    1    N    I    1    0   No   No
                               0  No
                               1  Yes
                           (m) 9  
                          (na)    
C161                   Provider given or prescribed anti-malarial       258    1    N    I    1    0   No   No
                               0  No
                               1  Yes, this and previous visit
                               2  Yes, only this visit
                               3  Yes, only previous visit
                               8  Don't know
                           (m) 9  
                          (na)    
C166                   Provider has discussed preparation for delivery  259    1    N    I    1    0   No   No
                               0  No
                               1  Yes
                               8  Don't know
                           (m) 9  
                          (na)    
C166A                  Provider has discussed preparation for delivery  260    1    N    I    1    0   No   No
                               0  No
                               1  Yes, this and previous visit
                               2  Yes, only this visit
                               3  Yes, only previous visit
                               8  Don't know
                           (m) 9  
                          (na)    
C167A                  Preparation for delivery: Emergency transport    261    1    N    I    1    0   No   No
                               0  No
                               1  Yes
                           (m) 9  
                          (na)    
C167B                  Preparation for delivery: Money                  262    1    N    I    1    0   No   No
                               0  No
                               1  Yes
                           (m) 9  
                          (na)    
C167C                  Preparation for delivery: Disinfectant           263    1    N    I    1    0   No   No
                               0  No
                               1  Yes
                           (m) 9  
                          (na)    
C167D                  Preparation for delivery: Sterile blade/scissor  264    1    N    I    1    0   No   No
                               0  No
                               1  Yes
                           (m) 9  
                          (na)    
C167E                  NA - Preparation for delivery: Gloves            265    1    N    I    1    0   No   No
                               0  No
                               1  Yes
                           (m) 9  
                          (na)    
C167F                  NA - Preparation for delivery: Cord tie/ clean   266    1    N    I    1    0   No   No
                               0  No
                               1  Yes
                           (m) 9  
                          (na)    
C167G                  CS - Preparation for delivery: Baby stuff (clot  267    1    N    I    1    0   No   No
                               0  No
                               1  Yes
                           (m) 9  
                          (na)    
C167X                  Preparation for delivery: Other                  268    1    N    I    1    0   No   No
                               0  No
                               1  Yes
                           (m) 9  
                          (na)    
C167Z                  Preparation for delivery: Don't know             269    1    N    I    1    0   No   No
                               0  No
                               1  Yes
                           (m) 9  
                          (na)    
C168                   Has enough money for delivery                    270    1    N    I    1    0   No   No
                               0  No
                               1  Yes, enough
                               2  Yes, but not enough
                           (m) 9  
                          (na)    
C169                   Provider talked about pregnancy dangers/problem  271    1    N    I    1    0   No   No
                               0  No
                               1  Yes, this and previous visit
                               2  Yes, only this visit
                               3  Yes, only previous visit
                               8  Don't know
                           (m) 9  
                          (na)    
C170A                  Client knows danger sign: Bleeding               272    1    N    I    1    0   No   No
                               0  No
                               1  Yes
                           (m) 9  
                          (na)    
C170B                  Client knows danger sign: Fever                  273    1    N    I    1    0   No   No
                               0  No
                               1  Yes
                           (m) 9  
                          (na)    
C170C                  Client knows danger sign: Swollen hand, face or  274    1    N    I    1    0   No   No
                               0  No
                               1  Yes
                           (m) 9  
                          (na)    
C170D                  Client knows danger sign: Tiredness or breathle  275    1    N    I    1    0   No   No
                               0  No
                               1  Yes
                           (m) 9  
                          (na)    
C170E                  Client knows danger sign: Headache or blurred v  276    1    N    I    1    0   No   No
                               0  No
                               1  Yes
                           (m) 9  
                          (na)    
C170F                  Client knows danger sign: Convulsions            277    1    N    I    1    0   No   No
                               0  No
                               1  Yes
                           (m) 9  
                          (na)    
C170G                  Client knows danger sign: Reduced or absence of  278    1    N    I    1    0   No   No
                               0  No
                               1  Yes
                           (m) 9  
                          (na)    
C170H                  Client knows danger sign: Premature rupture of   279    1    N    I    1    0   No   No
                               0  No
                               1  Yes
                           (m) 9  
                          (na)    
C170I                  NA - Client knows danger sign: Cough or difficu  280    1    N    I    1    0   No   No
                               0  No
                               1  Yes
                           (m) 9  
                          (na)    
C170X                  Client knows danger sign: Other                  281    1    N    I    1    0   No   No
                               0  No
                               1  Yes
                           (m) 9  
                          (na)    
C170Z                  Client knows danger sign: Don't know             282    1    N    I    1    0   No   No
                               0  No
                               1  Yes
                           (m) 9  
                          (na)    
C171A                  Provider advice if danger sign: Seek care at fa  283    1    N    I    1    0   No   No
                               0  No
                               1  Yes
                           (m) 9  
                          (na)    
C171B                  Provider advice if danger sign: Decrease activi  284    1    N    I    1    0   No   No
                               0  No
                               1  Yes
                           (m) 9  
                          (na)    
C171C                  Provider advice if danger sign: Change diet      285    1    N    I    1    0   No   No
                               0  No
                               1  Yes
                           (m) 9  
                          (na)    
C171X                  Provider advice if danger sign: Other            286    1    N    I    1    0   No   No
                               0  No
                               1  Yes
                           (m) 9  
                          (na)    
C171Y                  Provider advice if danger sign: None             287    1    N    I    1    0   No   No
                               0  No
                               1  Yes
                           (m) 9  
                          (na)    
C172A                  Danger sign after delivery known: Heavy bleedin  288    1    N    I    1    0   No   No
                               0  No
                               1  Yes
                           (m) 9  
                          (na)    
C172B                  Danger sign after delivery known: Fever          289    1    N    I    1    0   No   No
                               0  No
                               1  Yes
                           (m) 9  
                          (na)    
C172C                  Danger sign after delivery known: Genital injur  290    1    N    I    1    0   No   No
                               0  No
                               1  Yes
                           (m) 9  
                          (na)    
C172D                  Danger sign after delivery known: None thereof   291    1    N    I    1    0   No   No
                               0  No
                               1  Yes
                           (m) 9  
                          (na)    
C172Y                  Danger sign after delivery known: None           292    1    N    I    1    0   No   No
                               0  No
                               1  Yes
                           (m) 9  
                          (na)    
C173                   Provider talked about diet during pregnancy      293    1    N    I    1    0   No   No
                               0  No
                               1  Yes, this and previous visit
                               2  Yes, only this visit
                               3  Yes, only previous visit
                               8  Don't know
                           (m) 9  
                          (na)    
C174                   Provider discussed importance of exclusive brea  294    1    N    I    1    0   No   No
                               0  No
                               1  Yes, this and previous visit
                               2  Yes, only this visit
                               3  Yes, only previous visit
                               8  Don't know
                           (m) 9  
                          (na)    
C175                   Number of months provider recommended for exclu  295    2    N    I    1    0   No   No
                               4   4-6 months
                               6   6 months
                               96  Other
                               98  Don't know
                           (m) 99  
                          (na)     
C176                   Provider discussed place of delivery             297    1    N    I    1    0   No   No
                               0  No
                               1  Yes, this and previous visit
                               2  Yes, only this visit
                               3  Yes, only previous visit
                               8  Don't know
                           (m) 9  
                          (na)    
C177                   Planned place of delivery                        298    1    N    I    1    0   No   No
                               1  This facility
                               2  At other health facility
                               3  At home
                               4  At TBA home
                               6  Other location
                               8  Don't know/not decided
                           (m) 9  
                          (na)    
C178                   Provider discussed FP use after delivery         299    1    N    I    1    0   No   No
                               0  No
                               1  Yes, this and previous visit
                               2  Yes, only this visit
                               3  Yes, only previous visit
                               8  Don't know
                           (m) 9  
                          (na)    
C179                   NA - Number of doses of IPT indicated on ANC ca  300    1    N    I    1    0   No   No
                               0    No indication of doses
                               1:4  
                           (m) 9    
                          (na)      
C180                   Provider gave anti-malaria pills to client       301    1    N    I    1    0   No   No
                               0  No
                               1  Yes, see C161 for timing of provision
                               8  Don't know
                           (m) 9  
                          (na)    
C181                   Asked to swallow malaria pills in presence of p  302    1    N    I    1    0   No   No
                               0  No
                               1  Yes
                           (m) 9  
                          (na)    
C182                   Provider advised use of ITN                      303    1    N    I    1    0   No   No
                               0  No
                               1  Yes, this and previous visit
                               2  Yes, only this visit
                               3  Yes, only previous visit
                               8  Don't know
                           (m) 9  
                          (na)    
C183                   Provider offered an ITN to client                304    1    N    I    1    0   No   No
                               0  No
                               1  Yes, this and previous visit
                               2  Yes, only this visit
                               3  Yes, only previous visit
                               8  Don't know
                           (m) 9  
                          (na)    
C184                   Provider offered to sell client an ITN           305    1    N    I    1    0   No   No
                               0  No
                               1  Yes, this and previous visit
                               2  Yes, only this visit
                               3  Yes, only previous visit
                               8  Don't know
                           (m) 9  
                          (na)    
SOA110Y                CS - No components of maintaining a healthy pre  306    1    N    I    1    0   No   No
                               0  No
                               1  Yes, none
                           (m) 9  
                          (na)    
SOA115Y                CS - No components of preparation for delivery   307    1    N    I    1    0   No   No
                               0  No
                               1  Yes, none
                           (m) 9  
                          (na)    
--------------------------------------------------------------------------------------------------------------
Relation Name         Primary               Linked by             Secondary             Linked by
--------------------------------------------------------------------------------------------------------------
