                                                  HTSC7AFLSP                                                  
                                               HTSC7AFLSP_DICT                                                

                                       HTSC7AFLSP.DCF                                                         
                                     Last Modified:  5/3/2019  7:58:11 PM                                     

--------------------------------------------------------------------------------------------------------------
Level Name                    Level Label                                                  Type            Rec
  Record Name                   Record Label                                              Value  Req  Max  Len
--------------------------------------------------------------------------------------------------------------
INVENTORY                     Inventory questionnaire                                                         
  RECORD1                       RECORD1                                                      SC  Yes    1  306
Level: Inventory questionnaire                         Record: RECORD1
--------------------------------------------------------------------------------------------------------------
                                                                                 Data Item            Dec Zero
Item Name              Item Label                                     Start  Len Type Type  Occ  Dec Char Fill
--------------------------------------------------------------------------------------------------------------
FACIL             (id) Facility identification                            1    5    N    I    1    0   No   No
PROVNO            (id) Provider serial number                             6    2    N    I    1    0   No   No
CLTYPE            (id) Client type                                        8    2   AN    I    1    0   No   No
                               AN  ANC client
                               FP  Family planning client
                               SC  Sick child client
CLNO              (id) Client number                                     10    3    N    I    1    0   No   No
                               1:347  
                         (record type)                                   13    2   AN    I    1    0   No   No
CPROVCAT               Provider category                                 15    2    N    I    1    0   No   No
  (CPROVCAT_FRA)         Qualification                                  
                               1   Médecin géneraliste
                               2   Médecin specialiste
                               3   Technicien de laboratoire
                               4   Auxiliaire de laboratoire (y compris aide)
                               5   Technicien de radiologie
                               6   Technicien en imagerie medicale
                               7   Hygienist dentaire
                               8   Infirmier(e)
                               9   Infirmier(e) specialiste
                               10  Auxiliaire infirmier(e)
                               11  Sage femme
                               12  Pharmacien
                               13  Auxiliaire en pharmacie
                               14  Autres agents de santé communautaire
                               96  Autre (specifier)
  (CPROVCAT_VS1)         Provider category                              
                               1   General medical doctor
                               2   Specialist medical doctor
                               3   Lab technician
                               4   Auxiliary lab technician
                               5   Radiology technician
                               6   Technician in medical images
                               7   Dental hygienist
                               8   Nurse
                               9   Specialist nurse
                               10  Auxiliary nurse
                               11  Midwife
                               12  Pharmacist
                               13  Auxiliary pharmacist
                               14  Other community health workers
                               96  Other
CPROVSEX               Provider sex                                      17    1    N    I    1    0   No   No
  (CPROVSEX_FRA)         Sexe du prestataire                            
                               1  Masculin
                               2  Féminin
  (CPROVSEX_VS1)         Provider sex                                   
                               1  Male
                               2  Female
CDAY                   Client day                                        18    2    N    I    1    0   No   No
  (CDAY_FRA)             Client jour                                    
                               1:31  
  (CDAY_VS1)             Client day                                     
                               1:31  
CMONTH                 Client month                                      20    2    N    I    1    0   No   No
  (CMONTH_FRA)           Client mois                                    
                               1   Janvier
                               2   Février
                               3   Mars
                               4   Avril
                               5   Mai
                               6   Juin
                               7   Juillet
                               8   Août
                               9   Septembre
                               10  Octobre
                               11  Novembre
                               12  Décembre
  (CMONTH_VS1)           Client month                                   
                               1   January
                               2   February
                               3   March
                               4   April
                               5   May
                               6   June
                               7   July
                               8   August
                               9   September
                               10  October
                               11  November
                               12  December
CYEAR                  Client year                                       22    4    N    I    1    0   No   No
  (CYEAR_FRA)            Client année                                   
                               2017:2018  
  (CYEAR_VS1)            Client year                                    
                               2017:2018  
OINTV                  Observer code                                     26    4    N    I    1    0   No   No
  (OINTV_FRA)            Code du observateur                            
                               1000  
                               1001  
                               1002  
                               1003  
                               1004  
                               1100  
                               1101  
                               1102  
                               1103  
                               1104  
                               1200  
                               1201  
                               1202  
                               1203  
                               1204  
                               1205  
                               1300  
                               1301  
                               1302  
                               1303  
                               1304  
                               1305  
                               1400  
                               1401  
                               1402  
                               1403  
                               1404  
                               1405  
                               1500  
                               1501  
                               1502  
                               1503  
                               1504  
                               1600  
                               1601  
                               1602  
                               1603  
                               1604  
                               1700  
                               1701  
                               1702  
                               1703  
                               1704  
                               1800  
                               1801  
                               1802  
                               1803  
                               1804  
                               1900  
                               1901  
                               1902  
                               1903  
                               1904  
                               2000  
                               2001  
                               2002  
                               2003  
                               2004  
                               2100  
                               2101  
                               2102  
                               2103  
                               2104  
                               2200  
                               2201  
                               2202  
                               2203  
                               2204  
                               2300  
                               2301  
                               2302  
                               2303  
                               2304  
                               2400  
                               2401  
                               2402  
                               2403  
                               2404  
  (OINTV_VS1)            Observer code                                  
                               1000  
                               1001  
                               1002  
                               1003  
                               1004  
                               1100  
                               1101  
                               1102  
                               1103  
                               1104  
                               1200  
                               1201  
                               1202  
                               1203  
                               1204  
                               1300  
                               1301  
                               1302  
                               1303  
                               1304  
                               1400  
                               1401  
                               1402  
                               1403  
                               1404  
                               1500  
                               1501  
                               1502  
                               1503  
                               1504  
                               1600  
                               1601  
                               1602  
                               1603  
                               1604  
                               1700  
                               1701  
                               1702  
                               1703  
                               1704  
                               1800  
                               1801  
                               1802  
                               1803  
                               1804  
                               1900  
                               1901  
                               1902  
                               1903  
                               1904  
                               2000  
                               2001  
                               2002  
                               2003  
                               2004  
                               2100  
                               2101  
                               2102  
                               2103  
                               2104  
                               2200  
                               2201  
                               2202  
                               2203  
                               2204  
                               2300  
                               2301  
                               2302  
                               2303  
                               2304  
                               2400  
                               2401  
                               2402  
                               2403  
                               2404  
C100                   Provider agreement                                30    1    N    I    1    0   No   No
  (C100_FRA)             Permission du prestataire                      
                               1  Oui
                               2  Non
  (C100_VS1)             Provider agreement                             
                               1  Yes
                               2  No
C101                   Client agreement                                  31    1    N    I    1    0   No   No
  (C101_FRA)             Permission de la cliente                       
                               1  Oui
                               2  Non
  (C101_VS1)             Client agreement                               
                               1  Yes
                               2  No
C102H                  Hour begin                                        32    2    N    I    1    0   No   No
  (C102H_FRA)            Hour begin                                     
                               5:23  
  (C102H_VS1)            Hour begin                                     
                               5:23  
C102M                  Minute begin                                      34    2    N    I    1    0   No   No
  (C102M_FRA)            Minute begin                                   
                               0:59  
  (C102M_VS1)            Minute begin                                   
                               0:59  
C103                   First observation for this provider of this typ   36    1    N    I    1    0   No   No
  (C103_FRA)             Ce-est la première observation pour ce prestata
                               1  Oui, la première observation pour ce prestataire
                               2  Non, ce n'est pas la première observation pour ce prestataire
  (C103_VS1)             First observation for this provider of this typ
                               1  Yes, first observation of this type of client for this provider
                               2  No, not first of this type for this provider
OINS1                  instruction-1                                     37    1    N    I    1    0   No   No
  (OINS1_FRA)            instruction-1                                  
                               1  Entrer les données d'observation de questionnaire papier
                               2  Allez a l'interview des clientes à la sortie
  (OINS1_VS1)            instruction-1                                  
                               1  Enter Observation data from paper questionnaire
                               2  Goto Exit Interview
OINS2                  instruction-2                                     38    1    N    I    1    0   No   No
CLIENTWT               Client weight                                     39    8    N    I    1    0   No   No
OC104                  Sex of child                                      47    1    N    I    1    0   No   No
  (OC104_FRA)            Le sexe de l' enfant                           
                               1  Masculin
                               2  FémInin
  (OC104_VS1)            Sex of child                                   
                               1  Male
                               2  Female
OC105                  Client history                                    48    5   AN    I    1    0   No   No
  (OC105_FRA)            Histoire du client                             
                               A      Fièvre
                               B      Toux ou respiration difficile (ex. une respiration rapide ou tirage sous
                               C      Diarrhée
                               D      Douleur ou écoulement à l'oreille
                               Y      Aucun des symptômes ci-dessus
                               ?      Manquant
  (OC105_VS1)            Client history                                 
                               A      Fever
                               B      Cough or difficult breathing (fast breathing or chest in-drawing)
                               C      Diarrhea
                               D      Ear pain or discharge
                               Y      None of the above
                               ?      Missing
OC106                  General danger signs                              53    4   AN    I    1    0   No   No
  (OC106_FRA)            Signes généraux de danger                      
                               A     Enfant est incapable de boire ou de téter
                               B     Enfant vomit tout
                               C     Enfant a eu des convulsions avec cette maladie
                               Y     Aucun des signes ci-dessus
                               ?     Manquant
  (OC106_VS1)            General danger signs                           
                               A     Child is unable to drink or breastfeed
                               B     Child vomits everything
                               C     Child has had convulsions with this illness
                               Y     None of the above
                               ?     Missing
OC107                  Symptomatic HIV suspected                         57    4   AN    I    1    0   No   No
  (OC107_FRA)            VIH symptomatique suspectée                    
                               A     Le statut sérologique de la mère
                               B     Une tuberculose chez l'un des parents dans les 5 dernières années
                               C     Deux ou plusieurs épisodes de diarhée chez l'enfant, durant chacune 14 jo
                               Y     Aucune des choses ci-dessus
                               ?     Manquant
  (OC107_VS1)            Symptomatic HIV suspected                      
                               A     Asked about mother's HIV status
                               B     Asked aboaut TB infection in any parent in last 5 years
                               C     Asked about 2 or more episodes of diarrhea in child each lasting 14 days 
                               Y     None of the above
                               ?     Missing
OC108                  Physical exam                                     61   18   AN    I    1    0   No   No
  (OC108_FRA)            Examens physiques                              
                               A                   Pris la température de l'enfant en utilisant un thermomètre
                               B                   Touché l'enfant pour sentir la chaleur du corps/fièvre
                               C                   Compté le rythme respiratoire
                               D                   Ausculté l'enfant (appliquer le stéthoscope sur la poitrine
                               E                   Examiné la peau pour voir s'il y a déshydratation ou non (e
                               F                   Vérifié la pâleur des paumes
                               G                   Vérifié la pâleur de la conjonctive ou l'intérieur de la bo
                               H                   Vérifié l'interiéur de la bouche et la gorge (également pou
                               I                   Vérifié la raideur de nuque
                               J                   Regardé dans l'oreille de l'enfant
                               K                   Vérifiér derrière l'oreille de l'enfant
                               L                   Déshabillé l'enfant pour l'examiner (des épaules aux chevil
                               M                   Pressé les deux pieds pour vérifier la présence d'oedème
                               N                   Pesé l'enfant
                               O                   Enregistré le poids sur la courbe de croissance
                               P                   Comparé le poids de l'enfant au poids de référence
                               Q                   Vérifié l'existance des ganglions lymphatiques dans 2 ou pl
                               Y                   Aucun des examens ci-dessus
                               ?                   Manquant
  (OC108_VS1)            Physical exam                                  
                               A                   Took child's temperature with thermometer
                               B                   Felt the child for fever or body hotness
                               C                   Counted respiration (breaths) for 60 seconds
                               D                   Auscultated child (listen to chest with stethoscope) or cou
                               E                   Checked skin turgor for dehydration (pinch abdominal skin)
                               F                   Checked for pallor by looking at palms
                               G                   Checked for pallor by looking at conjunctiva
                               H                   Looked in child's mouth
                               I                   Checked for neck stiffness
                               J                   Looked in child's ear
                               K                   Felt behind child's ear
                               L                   Undressed child to examine (up to shoulders/ down t ankles
                               M                   Pressed both feet to check for oedema
                               N                   Weighed child
                               O                   Plotted weight on growth chart
                               P                   Comparé le poids de l'enfant au poids de référence
                               Q                   Checked for enlarged lymph nodes in 2 or more of following 
                               Y                   None of the above
                               ?                   Missing
OC109                  Other assessments                                 79   11   AN    I    1    0   No   No
  (OC109_FRA)            Autres examens                                 
                               A            Offert à l'enfant quelque chose à boire ou demandé à la mère de me
                               B            Interrogé sur les habitudes alimentaires ou pratiques normales lor
                               C            Interrogé sur les habitudes d'allaitement ou pratiques normales lo
                               D            Interrogé sur des pratiques alimentaires ou d'allaitement de l'enf
                               E            Mentionné le poids ou la croissance de l'enfant à l'accompagnateur
                               F            Regardé la carte de vaccination de l'enfant ou interroger l'accomp
                               G            Demandé si l'enfant a reçu de la vitamine A durant les 6 derniers 
                               H            Regardé la carte de santé de l'enfant avant de commencer la consul
                               I            A écrit sur la carte santé de l'enfant
                               J            Demandé si l'enfant a reçu un médicament de déparasitage dans les 
                               Y            Aucun des examens ci-dessus
                               ?            Manquant
  (OC109_VS1)            Other assessments                              
                               A            Offered child something to eat or asked mother to put child to bre
                               B            Asked about normal FEEDING habits or practices when chld not ill
                               C            Asked about normal BREASTFEEDING habits or practices when child no
                               D            Asked about feeding or breastfeeding habits for child during this 
                               E            Mentioned the child's weight or growth to caretaker, or discussed 
                               F            Looked at child's immunisatin card or asked caretaker about child 
                               G            Asked if child received Vitamin A within past 6 months
                               H            Looked at child's health card before consult, while collecting inf
                               I            Wrote on the child's health card
                               J            Asked if child received any de-worming medication in last 6 months
                               Y            None of the above
                               ?            Missing
OC110                  Counseling of caretaker                           90    7   AN    I    1    0   No   No
  (OC110_FRA)            Conseils a l'accompagnateur                    
                               A        Fourni des informations générales sur l'alimentation ou l'allaitement 
                               B        Dit à l'accompagnateur de donner des liquides supplémentaires à l'enfa
                               C        Dit à l'accompagnateur de continuer d'alimenter l'enfant pendant cette
                               D        Dit à l'accompagnateur que l'enfant a telle maladie
                               E        Décrit les signes et/ou les symptômes pour lesquels l'enfant devrait ê
                               F        Utilisé une aide visuelle pour éduquer l'accompagnateur
                               Y        Aucun des conseils ci-dessus
                               ?        Manquant
  (OC110_VS1)            Counseling of caretaker                        
                               A        Provided general information about feeding or breastfeeding the child 
                               B        Told caretaker to give extra fluids to child during this illness
                               C        Told caretaker to continue feeding child during this illness
                               D        Told caretaker what illness(es) child has
                               E        Described signs and/or symptoms in the child which require an immediat
                               F        Used a visual aid(s) to educate caretaker
                               Y        None of the above
                               ?        Missing
OC111                  Additional counseling                             97    6   AN    I    1    0   No   No
  (OC111_FRA)            Des conseils supplementaires                   
                               A       Prescrit ou fourni des médicaments par voie orale pendant ou après la c
                               B       Expliqué la façon d'administrer un traitement oral
                               C       Demandé l'accompagnateur de répéter les instructions pour l'administrat
                               D       A donné la première dose du traitement oral
                               E       Discuté de la visite de suivi de l'enfant malade
                               Y       Aucun des conseils ci-dessus
                               ?       Manquant
  (OC111_VS1)            Additional counseling                          
                               A       Prescribed or provided oral medication during or after consult
                               B       Explained how to administer oral treatment(s)
                               C       Asked caretaker to repeat instructions for giving medication(s) at home
                               D       Gave first dose of oral treatment(s)
                               E       Discussed follow-up visit for sick child
                               Y       None of the above
                               ?       Missing
OC112                  Referrals and admissions                         103    8   AN    I    1    0   No   No
  (OC112_FRA)            Références et hospitalisation                  
                               A         Recommandé que l'enfant soit hospitalisé urgemment (c.à.d. admis a l'
                               B         Référé l'enfant à un autre prestataire au sein de l'institution pour 
                               C         Référé l'enfant pour un test en laboratoire au sein de l'institution 
                               D         Expliqué la raison de la référence
                               E         A donné une fiche de référence à l'accompagnateur
                               F         Expliqué où (ou chez qui) aller
                               G         Le prestataire a expliqué quand aller pour la référence
                               Y         Rien de ce qui est dit ci-dessus
                               ?         Manquant
  (OC112_VS1)            Referrals and admissions                       
                               A         Recommended child be hospitalized urgently (admitted to the hospital 
                               B         Referred child to another provider within facility for other care
                               C         Referred child for lab test in or outside facility
                               D         Explained the reason for (any) referral
                               E         Gave referral slip to caretaker
                               F         Explained where (or to whom) to go
                               G         Provider explained when to go for referral
                               Y         None of the above
                               ?         Missing
OC113                  Outcome of consultation                          111    1    N    I    1    0   No   No
  (OC113_FRA)            Résultat de la consultation                    
                               1  Traité et renvoyé chez lui
                               2  Enfant référé chez prestataire, même institution
                               3  Enfant admis, même institution
                               4  Enfant envoyé au laboratoire
                               5  Enfant référé à une autre institution
                           (m) 9  Manquant
  (OC113_VS1)            Outcome of consultation                        
                               1  Treated and sent home
                               2  Child referred to provider same facility
                               3  Child admitted to same facilty
                               4  Child sent to lab
                               5  Child referred to other facilty
                           (m) 9  Missing
OC201                  Dehydration dx                                   112    1    N    I    1    0   No   No
  (OC201_FRA)            Deshydratation (diagnostic)                    
                               1  Deshydratation severe
                               2  Deshydratation moderée
                               3  Deshydratation legere
                               4  Aucun des symptomes ci-dessus/Pas deshydratation
                           (m) 9  Manquant
  (OC201_VS1)            Dehydration dx                                 
                               1  Severe dehydration
                               2  Moderate dehydration
                               3  Mild dehydration
                               4  None of the above/No dehydration
                           (m) 9  Manquant
OC202                  Respiratory dx                                   113    6   AN    I    1    0   No   No
  (OC202_FRA)            Système respiratoire (diagnostic)              
                               A       Pneumonie/ broncho-pneumonie
                               B       Spasme bronchique/asthme
                               C       Infection respiratoire superieure (IRS)/Infection respiratoire aigue (I
                               D       Maladie respiratoire, diagnostic incertain
                               E       Toux, diagnostic incertain
                               Y       Aucun des diagnostics ci-dessus
                               ?       Manquant
  (OC202_VS1)            Respiratory dx                                 
                               A       Pneumonia/ bronchopneumonia
                               B       Bronchial spasm/ asthma
                               C       Upper respiratory infection (URI)/Acute respiratory infection (ARI)
                               D       Respiratory illness, diagnosis uncertain
                               E       Cough, diagnosis uncertain
                               Y       None of the above
                               ?       Missing
OC203                  Digestive system dx                              119    5   AN    I    1    0   No   No
  (OC203_FRA)            Système digestif / intestinal (diagnostic)     
                               A      Diarrhée
                               B      Dysenterie
                               C      Amibiase
                               D      Parasitose
                               X      Autres diagnostics digestifs / intestinaux (precisez)
                               Y      Aucun des diagnostics ci-dessus
                               ?      Manquant
  (OC203_VS1)            Digestive system dx                            
                               A      Diarrhea
                               B      Dysentery
                               C      Amebiasis
                               D      Worm
                               X      Other digestive/ intestinal (specify)
                               Y      None of the above
                               ?      Missing
OC204                  Malaria dx                                       124    1    N    I    1    0   No   No
  (OC204_FRA)            Malaria (diagnostic)                           
                               1  Malaria (diagnostic par symptomes)
                               2  Malaria (diagnostic par test microscopique)
                               3  Malaria (diagnostic par test Rapid)
                               4  Aucun des diagnostics ci-dessus
                           (m) 9  Manquant
  (OC204_VS1)            Malaria dx                                     
                               1  Malaria (clinical diagnosis)
                               2  Malaria (blood smear)
                               3  Malaria (rapid test)
                               4  None of the above
                           (m) 9  Missing
OC205                  Fever/ measles dx                                125    1    N    I    1    0   No   No
  (OC205_FRA)            Fièvre/Rougeole (diagnostic)                   
                               1  Fièvre d'órigine inconnue
                               2  Rougeole sans complications
                               3  Rougeole avec complications (ex. bouche /yeux)
                               4  La fièvre typhoide
                               5  Infection urinaire
                               6  Septicémie
                               7  Méningite
                               8  Aucun des diagnostics ci-dessus
                           (m) 9  Manquant
  (OC205_VS1)            Fever/ measles dx                              
                               1  Fever of unknown origin
                               2  Measles with no complications
                               3  Measles with complicatins (mouth/eye or severe)
                               4  Typhoid fever
                               5  Urine infection
                               6  Septicemia
                               7  Meningitis
                               8  None of the above
                           (m) 9  Missing
OC206                  Ear dx                                           126    5   AN    I    1    0   No   No
  (OC206_FRA)            L'oreille (diagnostic)                         
                               A      Mastoidite
                               B      Infection aigue de l'oreille
                               C      Infection chronique de l'oreille
                               X      Autre infection de l'oreille
                               Y      Aucun des diagnostics ci-dessus
                               ?      Manquant
  (OC206_VS1)            Ear dx                                         
                               A      Mastoiditis
                               B      Acute ear infection
                               C      Chronic ear infection
                               X      Other ear infection
                               Y      None of the above
                               ?      Missing
OC207                  Throat dx                                        131    1    N    I    1    0   No   No
  (OC207_FRA)            La gorge (diagnostic)                          
                               1  Endolorie/Pharyngite
                               2  Autre diagnostic pour gorge (specifiez)
                               3  Aucun des diagnostics ci-dessus
                           (m) 9  Manquant
  (OC207_VS1)            Throat dx                                      
                               1  Sore throat/Pharyngitis
                               2  Other throat diagnosis (specify)
                               3  None of the above
                           (m) 9  Missing
OC208                  Other dx                                         132    5   AN    I    1    0   No   No
  (OC208_FRA)            Autre (diagnostic)                             
                               A      Abces
                               B      Conjuntivite bacterienne
                               C      Maladies de la peau
                               D      Anemie
                               X      Autre diagnostic (specifiez)
                               Y      Pas d'autre diagnostic
                               ?      Manquant
  (OC208_VS1)            Other dx                                       
                               A      Abces
                               B      Bacterial conjunctivitis
                               C      Diseases of the skin
                               D      Anemia
                               X      Other diagnosis (specify)
                               Y      No other diagnosis
                               ?      Missing
OC209                  Treatment prescribed                             137    1    N    I    1    0   No   No
  (OC209_FRA)            Traitement prescrit                            
                               1  Oui
                               2  Non
                           (m) 9  Manquant
  (OC209_VS1)            Treatment prescribed                           
                               1  Yes
                               2  No
                           (m) 9  Missing
OC210                  General treatment                                138   14   AN    I    1    0   No   No
  (OC210_FRA)            Traitement général                             
                               A               Injection Debenzathine penicilline
                               B               Injection d'autre antibiotique
                               C               Autre injection
                               D               Co-trimoxazole comprimes
                               E               Co-trimoxazole sirop
                               F               Capsules d'amoxicilline
                               G               Amoxicilline sirop
                               H               Autre antibiotique comprimes/sirop
                               I               Paracetamol
                               J               Autres antipyretiques
                               K               Zinc
                               L               Vitamines (autres que la vitamine A)
                               M               Sirops contre la toux/autres médicaments
                               Y               Aucun des traitement ci-dessus
                               ?               Missing
  (OC210_VS1)            General treatment                              
                               A               Benzyl penicillin injection
                               B               Other antibiotic injection
                               C               Other injection
                               D               Co-trimoxazole tablets
                               E               Co-trimoxazole syrup
                               F               Amoxicillin capsules
                               G               Amoxicillin syrup
                               H               Other antibiotic tablet/ syrup
                               I               Paracetamol
                               J               Other fever-reducting medicine
                               K               Zinc
                               L               Vitamins (other than Vitamin A)
                               M               Cough syrups/ other medication
                               Y               None of the above
                               ?               Missing
OC211                  Respiratory tx                                   152    5   AN    I    1    0   No   No
  (OC211_FRA)            Respiratoire  tx                               
                               A      Nebuliseur ou inhalateur
                               B      Bronchodilatateur injectable (ex. Adrenaline)
                               C      Bronchodilatateur oral
                               D      Oreille sechee par des applicateurs
                               Y      Aucun des traitements ci-dessus
                               ?      Manquant
  (OC211_VS1)            Respiratory tx                                 
                               A      Nebuliser or inhaler
                               B      Injectable bronchodilator (e.g., Adrenaline)
                               C      Oral bronchodilator
                               D      Dry ear by wicking
                               Y      None of the above
                               ?      Missing
OC212                  Malaria tx                                       157    8   AN    I    1    0   No   No
  (OC212_FRA)            Malaria tx                                     
                               A         Quinine injectable
                               B         Autre injectables antimalariques (ex. Fansidar)
                               C         Fansidar orale (Pyrimethamine sulfa)
                               D         Chloroquine oral
                               E         Primaquine oral
                               F         Mefloquine oral
                               G         Autre antimalarique oral
                               Y         Aucun de traitements ci-dessus
                               ?         Manquant
  (OC212_VS1)            Malaria tx                                     
                               A         Injectable quinine
                               B         Other injectable antimalarial (e.g. Fansidar)
                               C         Oral Fansidar (Pyrimethamine sulfa)
                               D         Oral Chloroquine
                               E         Oral Primaquine
                               F         Oral Mefloquine
                               G         Other oral antimalarial
                               Y         None of the above
                               ?         Missing
OC213                  Dehydration tx                                   165    4   AN    I    1    0   No   No
  (OC213_FRA)            Deshydratation tx                              
                               A     SRO maison (Plan A)
                               B     SRO initial dans l'institution (4 heures - plan B)
                               C     Serums intraveineux (Plan C)
                               Y     Aucun des traitements ci-dessus
                               ?     Manquant
  (OC213_VS1)            Dehydration tx                                 
                               A     Home ORT (Plan A)
                               B     Initial ORT in facility (4 hours - Plan B)
                               C     Intravenous fluids (Plan C)
                               Y     None of the above
                               ?     Missing
OC214                  Other tx/ advice                                 169    7   AN    I    1    0   No   No
  (OC214_FRA)            Autre traitement & conseils                    
                               A        Vitamine A (peut aussi être pour l'immunisation)
                               B        Consommer des aliments solides
                               C        Prendre des liquides supplementaires
                               D        Prendre du lait maternel
                               E        Prescrit / donne comprimes vermifuges
                               X        Tout autre traitement
                               Y        Aucun des traitements ci-dessus
                               ?        Manquant
  (OC214_VS1)            Other tx/ advice                               
                               A        Vitamin A (May also be for vaccination)
                               B        Feeding solid foods
                               C        Feeding extra liquids
                               D        Feeding breast milk
                               E        Prescribed/ gave deworming tablets
                               X        Any other treatment (specify)
                               Y        None of the above
                               ?        Missing
OC215                  First visit for child to facility                176    1    N    I    1    0   No   No
  (OC215_FRA)            Première visite pour enfant à l'établissement  
                               1  Première visite
                               2  Suivi
                               8  Ne sait pas
                           (m) 9  Manquant
  (OC215_VS1)            First visit for child to facility              
                               1  First visit
                               2  Follow-up
                               8  Don't know
                           (m) 9  Missing
OC216                  Child immunized during visit                     177    1    N    I    1    0   No   No
  (OC216_FRA)            Enfant vacciné lors de la visite               
                               1  Oui, a vacciné enfant
                               2  Oui, a reféré
                               3  Ne manque pas de vaccin a completé vaccinations
                               4  Vaccin non disponible
                               5  Enfant trop malade
                               6  Ce n'est pas le jour de la vaccination
                               7  N'a pas vérifié pour la vaccination
                           (m) 9  Manquant
  (OC216_VS1)            Child immunized during visit                   
                               1  Yes, vaccinated child
                               2  Yes, referred
                               3  Not due for or completed vaccination
                               4  Vaccine not available
                               5  Child too sick
                               6  Not day for vaccination
                               7  Did not check for vaccination
                           (m) 9  Missing
OC217H                 Ending  hour                                     178    2    N    I    1    0   No   No
  (OC217H_FRA)           Heure de fin                                   
                               6:22  
  (OC217H_VS1)           Ending  hour                                   
                               6:22  
OC217M                 Ending minute                                    180    2    N    I    1    0   No   No
  (OC217M_FRA)           Minute de fin                                  
                               0:59  
  (OC217M_VS1)           Ending minute                                  
                               0:59  
XCDAY                  Client Day                                       182    2    N    I    1    0   No   No
  (XCDAY_FRA)            Jour client                                    
                               1:31  
  (XCDAY_VS1)            Client Day                                     
                               1:31  
XCMONTH                Client Month                                     184    2    N    I    1    0   No   No
  (XCMONTH_FRA)          Client Mois                                    
                               1   Janvier
                               2   Février
                               3   Mars
                               4   Avril
                               5   Mai
                               6   Juin
                               7   Juillet
                               8   Août
                               9   Septembre
                               10  Octobre
                               11  Novembre
                               12  Décembre
  (XCMONTH_VS1)          Client Month                                   
                               1   January
                               2   February
                               3   March
                               4   April
                               5   May
                               6   June
                               7   July
                               8   August
                               9   September
                               10  October
                               11  November
                               12  December
XCYEAR                 Client Year                                      186    4    N    I    1    0   No   No
  (XCYEAR_FRA)           Client Année                                   
                               2017:2018  
  (XCYEAR_VS1)           Client Year                                    
                               2017:2018  
XCINTV                 Interviewer code                                 190    4    N    I    1    0   No   No
  (XCINTV_FRA)           Code du enqueteur                              
                               1000  
                               1001  
                               1002  
                               1003  
                               1004  
                               1100  
                               1101  
                               1102  
                               1103  
                               1104  
                               1200  
                               1201  
                               1202  
                               1203  
                               1204  
                               1205  
                               1300  
                               1301  
                               1302  
                               1303  
                               1304  
                               1305  
                               1400  
                               1401  
                               1402  
                               1403  
                               1404  
                               1405  
                               1500  
                               1501  
                               1502  
                               1503  
                               1504  
                               1600  
                               1601  
                               1602  
                               1603  
                               1604  
                               1700  
                               1701  
                               1702  
                               1703  
                               1704  
                               1800  
                               1801  
                               1802  
                               1803  
                               1804  
                               1900  
                               1901  
                               1902  
                               1903  
                               1904  
                               2000  
                               2001  
                               2002  
                               2003  
                               2004  
                               2100  
                               2101  
                               2102  
                               2103  
                               2104  
                               2200  
                               2201  
                               2202  
                               2203  
                               2204  
                               2300  
                               2301  
                               2302  
                               2303  
                               2304  
                               2400  
                               2401  
                               2402  
                               2403  
                               2404  
  (XCINTV_VS1)           Interviewer code                               
                               1000  
                               1001  
                               1002  
                               1003  
                               1004  
                               1100  
                               1101  
                               1102  
                               1103  
                               1104  
                               1200  
                               1201  
                               1202  
                               1203  
                               1204  
                               1205  
                               1300  
                               1301  
                               1302  
                               1303  
                               1304  
                               1305  
                               1400  
                               1401  
                               1402  
                               1403  
                               1404  
                               1405  
                               1500  
                               1501  
                               1502  
                               1503  
                               1504  
                               1600  
                               1601  
                               1602  
                               1603  
                               1604  
                               1700  
                               1701  
                               1702  
                               1703  
                               1704  
                               1800  
                               1801  
                               1802  
                               1803  
                               1804  
                               1900  
                               1901  
                               1902  
                               1903  
                               1904  
                               2000  
                               2001  
                               2002  
                               2003  
                               2004  
                               2100  
                               2101  
                               2102  
                               2103  
                               2104  
                               2200  
                               2201  
                               2202  
                               2203  
                               2204  
                               2300  
                               2301  
                               2302  
                               2303  
                               2304  
                               2400  
                               2401  
                               2402  
                               2403  
                               2404  
XCCODE                 Client code                                      194    3    N    I    1    0   No   No
  (XCCODE_FRA)           Code du client                                 
                               301:399  
  (XCCODE_VS1)           Client code                                    
                               301:399  
XC100                  Permission to intervIew                          197    1    N    I    1    0   No   No
  (XC100_FRA)            L'autorisation de poursuivre                   
                               1  Oui, le client accepte
                               2  Non, le client refuse
  (XC100_VS1)            Permission to intervIew                        
                               1  Yes, client agrees
                               2  No, client refuses
XC101H                 Time begins hour                                 198    2    N    I    1    0   No   No
  (XC101H_FRA)           Le debut de l'interview: heures                
                               6:22  
  (XC101H_VS1)           Time begins hour                               
                               6:22  
XC101M                 Time begins minutes                              200    2    N    I    1    0   No   No
  (XC101M_FRA)           Le debut de l'interview: minutes               
                               0:59  
  (XC101M_VS1)           Time begins minutes                            
                               0:59  
XC103D                 Day of birth                                     202    2    N    I    1    0   No   No
  (XC103D_FRA)           Jour de naissance                              
                               1:31  
                               98    NSP
                           (m) 99    Manquant
  (XC103D_VS1)           Day of birth                                   
                               1:31  
                               98    Don't know
                           (m) 99    Missing
XC103M                 Month of birth                                   204    2    N    I    1    0   No   No
  (XC103M_FRA)           Client Mois                                    
                               1   Janvier
                               2   Février
                               3   Mars
                               4   Avril
                               5   Mai
                               6   Juin
                               7   Juillet
                               8   Août
                               9   Septembre
                               10  Octobre
                               11  Novembre
                               12  Décembre
                               98  NSP
                           (m) 99  Manquant
  (XC103M_VS1)           Month of birth                                 
                               1   January
                               2   February
                               3   March
                               4   April
                               5   May
                               6   June
                               7   July
                               8   August
                               9   September
                               10  October
                               11  November
                               12  December
                               98  Don't know
                           (m) 99  Missing
XC103Y                 Year of birth                                    206    4    N    I    1    0   No   No
  (XC103Y_FRA)           Année de naissance                             
                               2011:2018  
                               9998       NSP
                           (m) 9999       Manquant
  (XC103Y_VS1)           Year of birth                                  
                               2011:2018  
                               9998       Don't know
                           (m) 9999       Missing
XC104                  Age in months                                    210    2    N    I    1    0   No   No
  (XC104_FRA)            Age en mois                                    
                               0:72  
                               98    NSP
                           (m) 99    Manquant
  (XC104_VS1)            Age in months                                  
                               0:72  
                               98    Don't know
                           (m) 99    Missing
XC105                  Child had fever with this illness in past 2 day  212    1    N    I    1    0   No   No
  (XC105_FRA)            Enfant avait de la fièvre avec cette maladie au
                               1  Oui
                               2  Non
                               8  NSP
                           (m) 9  Manquant
  (XC105_VS1)            Child had fever with this illness in past 2 day
                               1  Yes
                               2  No
                               8  Don't know
                           (m) 9  Missing
XC106                  Child had convulsions with this illness          213    1    N    I    1    0   No   No
  (XC106_FRA)            Enfant a eu une convulsion au cours de cette ma
                               1  Oui
                               2  Non
                               8  NSP
                           (m) 9  Manquant
  (XC106_VS1)            Child had convulsions with this illness        
                               1  Yes
                               2  No
                               8  Don't know
                           (m) 9  Missing
XC107                  Child has cough or difficult breathing with thi  214    1    N    I    1    0   No   No
  (XC107_FRA)            L'enfant a une toux ou des difficultés respirat
                               1  Oui
                               2  Non
                               8  NSP
                           (m) 9  Manquant
  (XC107_VS1)            Child has cough or difficult breathing with thi
                               1  Yes
                               2  No
                               8  Don't know
                           (m) 9  Missing
XC108                  Child can drink, eat and/or breastfeed           215    1    N    I    1    0   No   No
  (XC108_FRA)            Enfant peut boire, manger  ou teter            
                               1  Oui
                               2  Non
                               8  NSP
                           (m) 9  Manquant
  (XC108_VS1)            Child can drink, eat and/or breastfeed         
                               1  Yes
                               2  No
                               8  Don't know
                           (m) 9  Missing
XC109                  Child vomits everything when eats or breastfeed  216    1    N    I    1    0   No   No
  (XC109_FRA)            Enfant vomit tout ce qu'il mange ou quand les t
                               1  Oui
                               2  Non
                               8  NSP
                           (m) 9  Manquant
  (XC109_VS1)            Child vomits everything when eats or breastfeed
                               1  Yes
                               2  No
                               8  Don't know
                           (m) 9  Missing
XC110                  Child has had watery and frequent stools with t  217    1    N    I    1    0   No   No
  (XC110_FRA)            Enfant a eu des selles liquides et fréquentes d
                               1  Oui
                               2  Non
                               8  NSP
                           (m) 9  Manquant
  (XC110_VS1)            Child has had watery and frequent stools with t
                               1  Yes
                               2  No
                               8  Don't know
                           (m) 9  Missing
XC111                  Child been excessively sleepy during illness     218    1    N    I    1    0   No   No
  (XC111_FRA)            Enfant a été excessivement somnolent pendant la
                               1  Oui
                               2  Non
                               8  NSP
                           (m) 9  Manquant
  (XC111_VS1)            Child been excessively sleepy during illness   
                               1  Yes
                               2  No
                               8  Don't know
                           (m) 9  Missing
XC112                  Other reasons for visit                          219    5   AN    I    1    0   No   No
  (XC112_FRA)            D'autres raisons de visite                     
                               A      Problèms aux oreilles
                               B      Affection de la peau
                               C      Blessure
                               D      Douleur abdominale
                               X      Autres (specifier)
                               Y      Pas d'autre raison
                               ?      Manquant
  (XC112_VS1)            Other reasons for visit                        
                               A      Ear problem
                               B      Skin sore problem
                               C      Injury
                               D      Abdominal pain
                               X      Other (specify)
                               Y      No other reason
                               ?      Missing
XC113                  Most recent visit for same illness               224    1    N    I    1    0   No   No
  (XC113_FRA)            Visite la plus récente pour la même maladie    
                               1  Au cours de la semaine passée
                               2  Au cours des 2-4 semaines passées
                               3  Il y a plus de 4 semaines
                               4  Non
                               8  NSP
                           (m) 9  Manquant
  (XC113_VS1)            Most recent visit for same illness             
                               1  Within past week
                               2  Winth past 2-4 weeks
                               3  More than 4 weeks ago
                               4  No, child has not been to facility for this illness
                               8  Don't know
                           (m) 9  Missing
XC114                  Days ago illness began                           225    2    N    I    1    0   No   No
  (XC114_FRA)            Jours la maladie a commencé                    
                               0:90  
                               98    NSP
                           (m) 99    Manquant
  (XC114_VS1)            Days ago illness began                         
                               0:90  
                               98    Don't know
                           (m) 99    Missing
XC115                  Provider gave diagnosis                          227    1    N    I    1    0   No   No
  (XC115_FRA)            Prestataire donné le diagnostic                
                               1  Oui
                               2  Non
                               8  NSP
                           (m) 9  Manquant
  (XC115_VS1)            Provider gave diagnosis                        
                               1  Yes
                               2  No
                               8  Don't know
                           (m) 9  Manquant
XC116                  Action if no improvement                         228    1    N    I    1    0   No   No
  (XC116_FRA)            Action si aucune amélioration                  
                               1  Retourner a l'institution
                               2  Aller a l'autre institution
                               3  Aller chez un autre prestataire ou pharmacie
                               4  Aller chez le guerrisseur traditionnel
                               5  Rien, attendre seulement
                               8  NSP
                           (m) 9  Manquant
  (XC116_VS1)            Action if no improvement                       
                               1  Return to facility
                               2  Go to other facility
                               3  Go to other health worker/pharmacy
                               4  Go to traditional healer
                               5  Nothing, just wait
                               8  Don't know
                           (m) 9  Missing
XC117                  Signs/symptoms for immediate return              229   10   AN    I    1    0   No   No
  (XC117_FRA)            Les signes / symptômes d'un retour immédiat    
                               A           Fièvre
                               B           Problèmes respiration
                               C           Devient plus malade
                               D           Sang dans les selles
                               E           Vomissement
                               F           Faible/ne mange pas
                               G           Faible/ne boit pas
                               X           Autre
                               Y           Non, aucun
                               Z           NSP
                               ?           Manquant
  (XC117_VS1)            Signs/symptoms for immediate return            
                               A           Fever
                               B           Breathing problems
                               C           Becomes sicker
                               D           Blood in stool
                               E           Vomiting
                               F           Poor/not eating
                               G           Poor/not drinking
                               X           Other
                               Y           No, none
                               Z           Don't know
                               ?           Missing
XC118                  Provider mentioned reasons for follow-up visit   239    8   AN    I    1    0   No   No
  (XC118_FRA)            Prestataire mentionné des raisons pour une visi
                               A         Plus de medicaments
                               B         Si symptomes ou l'etat s'aggave
                               C         Rendez-vous de suivi
                               D         Enfant admis
                               E         Vaccination routinière
                               X         Autre
                               Y         Non
                               Z         NSP
                               ?         Manquant
  (XC118_VS1)            Provider mentioned reasons for follow-up visit 
                               A         More medicines
                               B         Symptoms increase or become worse
                               C         Follow-up appointment
                               D         Children welcome
                               E         Routine immunization
                               X         Other
                               Y         No
                               Z         Don't know
                               ?         Missing
XC119                  Provider gave/prescribed medications for home    247    1    N    I    1    0   No   No
  (XC119_FRA)            Prestataire a donné/prescrit médicaments pour l
                               1  Oui, a donné medicaments
                               2  Oui, a donné prescription
                               3  A donné medicaments et prescription
                               4  Non
                           (m) 9  Manquant
  (XC119_VS1)            Provider gave/prescribed medications for home  
                               1  Yes, gave meds
                               2  Yes, gave prescriptions
                               3  Gave meds and prescriptions
                               4  No
                           (m) 9  Missing
XC120                  Description of medications/prescriptions         248    1    N    I    1    0   No   No
  (XC120_FRA)            Description des médicaments / prescription     
                               1  A tous les médicaments
                               2  A certain meds, certaines prescrip, non executées
                               3  Aucun médicament vu, des prescrip, seulement
                           (m) 9  Manquant
  (XC120_VS1)            Description of medications/prescriptions       
                               1  Has all meds
                               2  Has some meds, some unfilled prescriptions
                               3  No medications seen, has only prescriptions
                           (m) 9  Missings
XC121                  Provider gave instructions for giving medicines  249    1    N    I    1    0   No   No
  (XC121_FRA)            Prestataire donné des instructions pour adminis
                               1  Oui
                               2  Non
                               8  NSP
                           (m) 9  Manquant
  (XC121_VS1)            Provider gave instructions for giving medicines
                               1  Yes
                               2  No
                               8  Don't know
                           (m) 9  Missing
XC122                  Confident knows how much medicine to give each   250    1    N    I    1    0   No   No
  (XC122_FRA)            Confiant sait combien médicament à administrer 
                               1  Oui
                               2  Non
                               8  NSP
                           (m) 9  Manquant
  (XC122_VS1)            Confident knows how much medicine to give each 
                               1  Yes
                               2  No
                               8  Don't know
                           (m) 9  Missing
XC123                  Child given 1st dose of any medicines at facili  251    1    N    I    1    0   No   No
  (XC123_FRA)            Carte de vaccination vu                        
                               1  Oui
                               2  Non
                               8  NSP
                           (m) 9  Manquant
  (XC123_VS1)            Child given a dose of any medicines at facility
                               1  Yes
                               2  No
                               8  Don't know
                           (m) 9  Missing
XC124                  Child given an injection for sickness today      252    1    N    I    1    0   No   No
  (XC124_FRA)            Enfant reçoit une injection de maladie aujourd'
                               1  Oui, reçu injection
                               2  Oui, reçu prescription pour injection
                               3  Non
                               8  NSP
                           (m) 9  Manquant
  (XC124_VS1)            Child given an injection for sickness today    
                               1  Yes, received injection
                               2  Yes, received prescription for injection
                               3  No
                               8  Don't know
                           (m) 9  Missing
XC125                  Child weighed                                    253    1    N    I    1    0   No   No
  (XC125_FRA)            Enfant pesé                                    
                               1  Oui
                               2  Non
                           (m) 9  Manquant
  (XC125_VS1)            Child weighed                                  
                               1  Yes
                               2  No
                           (m) 9  Missing
XC126                  Child's growth mentioned during visit            254    1    N    I    1    0   No   No
  (XC126_FRA)            Croissance de l'enfant mentionné lors de la vis
                               1  Oui
                               2  Non
                           (m) 9  Manquant
  (XC126_VS1)            Child's growth mentioned during visit          
                               1  Yes
                               2  No
                           (m) 9  Missing
XC127                  Provider asked about foods/amts normally given   255    1    N    I    1    0   No   No
  (XC127_FRA)            Fournisseur posé des questions sur les aliments
                               1  Oui
                               2  Non
                               8  Ne peut pas se rappeler
                           (m) 9  Manquant
  (XC127_VS1)            Provider asked about foods/amts normally given 
                               1  Yes
                               2  No
                               8  Can't remember
                           (m) 9  Missing
XC128                  Provider directions regarding solids             256    1    N    I    1    0   No   No
  (XC128_FRA)            Directions prestataire concernant les solides  
                               1  Donner moins que d'habitude
                               2  Donner même que d'habitude
                               3  Donner plus que d'habitude
                               4  Ne rien donner/ne pas alimenter
                               6  N'a rien dit
                               8  Pas certain
                           (m) 9  Manquant
  (XC128_VS1)            Provider directions regarding solids           
                               1  Give less than usual
                               2  Give same as usual
                               3  Give more than usual
                               4  Give nothing/don't feed
                               6  Didn't discuss
                               8  Don't know/not certain
                           (m) 9  Missing
XC129                  Provider directions regarding fluids             257    1    N    I    1    0   No   No
  (XC129_FRA)            Directions prestataire concernant les fluides  
                               1  Donner moins que d'habitude
                               2  Donner même que d'habitude
                               3  Donner plus que d'habitude
                               4  Ne rien donner/ne pas alimenter
                               6  N'a rien dit
                               8  Ne sait pas
                           (m) 9  Manquant
  (XC129_VS1)            Provider directions regarding fluids           
                               1  Give less than usual
                               2  Give same as usual
                               3  Give more than usual
                               4  Give nothing/don't feed
                               6  Didn't discuss
                               8  Don't know/not certain
                           (m) 9  Missing
XC130                  Child given vaccination during visit             258    1    N    I    1    0   No   No
  (XC130_FRA)            Vaccination des enfant donnée lors de la visite
                               1  Oui, observé
                               2  Non
                               8  Ne sait pas
                           (m) 9  Manquant
  (XC130_VS1)            Child given vaccination during visit           
                               1  Yes
                               2  No
                               8  Don't know
                           (m) 9  Missing
XC131                  Has vaccination card                             259    1    N    I    1    0   No   No
  (XC131_FRA)            Carte de vaccination avec respondent           
                               1  Oui
                               2  Non
                           (m) 9  Manquant
  (XC131_VS1)            Has vaccination card                           
                               1  Yes
                               2  No
                           (m) 9  Missing
XC132                  Vaccination card seen                            260    1    N    I    1    0   No   No
  (XC132_FRA)            Visité autre fournisseur ou de laboratoire pour
                               1  Oui
                               2  Non
                           (m) 9  Manquant
  (XC132_VS1)            Vaccination card seen                          
                               1  Yes
                               2  No
                           (m) 9  Missing
XC134                  Provider instructed to go to other provider/lab  261    1    N    I    1    0   No   No
  (XC134_FRA)            Prestataire de vous rendre à un autre prestatai
                               1  Oui
                               2  Non
                           (m) 9  Manquant
  (XC134_VS1)            Provider instructed to go to other provider/lab
                               1  Yes
                               2  No
                           (m) 9  Missing
XC135                  Referral information                             262    1    N    I    4    0   No   No
  (XC135_FRA)            Renseignements sur le renvoi                   
                               1  Oui
                               2  Non
                               8  NSP
                           (m) 9  Manquant
  (XC135_VS1)            Referral information                           
                               1  Yes
                               2  No
                               8  Don't know
                           (m) 9  Missing
XC136                  Visited other provider or traditional healer be  266    4   AN    I    1    0   No   No
  (XC136_FRA)            Visité autre prestataire ou un guérisseur tradi
                               A     Oui, autre prestataire dans cette institution
                               B     Oui, autre prestataire dans une autre institution
                               C     Oui, guérisseur traditionnel
                               Y     Non
                               ?     Manquant
  (XC136_VS1)            Visited other provider or traditional healer be
                               A     Yes, other provider this facility
                               B     Yes, other provider different facility
                               C     Yes, traditional healer
                               Y     Saw no one
                               ?     Missing
X201                   Time waited for provider (minutes)               270    3    N    I    1    0   No   No
  (X201_FRA)             Temps d'attente pour le prestataire (minutes)  
                               1:600  
                               0      Vu prestataire immediatement
                               998    NSP
                           (m) 999    Manquant
  (X201_VS1)             Time waited for provider (minutes)             
                               1:600  
                               0      Saw provider immediately
                               998    Don't know
                           (m) 999    Missing
X202                   Problems encountered today                       273    1    N    I   11    0   No   No
  (X202_FRA)             Problèmes rencontrée par le client aujourd'hui 
                               1  Grand
                               2  Mineur
                               3  Pas de problèmes
                               8  NSP
                           (m) 9  Manquant
  (X202_VS1)             Problems encountered today                     
                               1  Major
                               2  Minor
                               3  No problem
                               8  Don't know
                           (m) 9  Missing
X203                   Part of prepayment plan                          284    1    N    I    1    0   No   No
  (X203_FRA)             Assurance ou plan de remboursement anticipé    
                               1  Oui
                               2  Non
                               8  NSP
                           (m) 9  Manquant
  (X203_VS1)             Part of prepayment plan                        
                               1  Yes
                               2  No
                               8  Don't know
                           (m) 9  Missing
X204                   Fees for services for visit                      285    1    N    I    1    0   No   No
  (X204_FRA)             Honoraires pour les services de visite         
                               1  Oui
                               2  Non
                           (m) 9  Manquant
  (X204_VS1)             Fees for services for visit                    
                               1  Yes
                               2  No
                           (m) 9  Missing
X205                   Total fees (Gourdes)                             286    6    N    I    1    0   No   No
  (X205_FRA)             Montant totale pour les services ou traitements
                               1:999990  
                               999998    NSP
                           (m) 999999    Manquant
  (X205_VS1)             Total fees (Gourdes)                           
                               1:999990  
                               999998    Don't know
                           (m) 999999    Missing
X206                   Nearest facility to home                         292    1    N    I    1    0   No   No
  (X206_FRA)             L'établissement de santé le plus proche de chez
                               1  Oui
                               2  Non
                               8  NSP
                           (m) 9  Manquant
  (X206_VS1)             Nearest facility to home                       
                               1  Yes
                               2  No
                               8  Don't know
                           (m) 9  Missing
X207                   Main reason didn't go to nearest facility        293    2    N    I    1    0   No   No
  (X207_FRA)             Principale raison ne vont pas à l'établissement
                               1   Heure de fonctionnement pas commode
                               2   Mauvaise reputation
                               3   N'aime pas le personnel
                               4   Pas de médicaments
                               5   Préféré rester anonyme
                               6   C'est plus cher
                               7   A été referré
                               96  Autre
                               98  NSP
                           (m) 99  Manquant
  (X207_VS1)             Main reason didn't go to nearest facility      
                               1   Inconvenient operating hours
                               2   Bad reputation
                               3   Don't like personnel
                               4   No medicine
                               5   Prefers to remain anonymous
                               6   It is more expensive
                               7   Was referred
                               96  Other
                               98  Don't know
                           (m) 99  Missing
X208                   Opinion of services given today                  295    1    N    I    1    0   No   No
  (X208_FRA)             Opinion sur les services rendus aujourd'hui    
                               1  Je suis très satisfaite des sevices reçus
                               2  Je suis plus ou moins satisfaite des services reçus
                               3  Je ne suis pas satisfaite des services reçus
                           (m) 9  Manquant
  (X208_VS1)             Opinion of services given today                
                               1  Very satisfied
                               2  More or less satisfied
                               3  Not satisfied
                           (m) 9  Missing
X209                   Would recommend to friend/family member          296    1    N    I    1    0   No   No
  (X209_FRA)             Pouvez recommandez à un ami/ membre de la famil
                               1  Oui
                               2  Non
                               8  NSP
                           (m) 9  Manquant
  (X209_VS1)             Would recommend to friend/family member        
                               1  Yes
                               2  No
                               8  DK
                           (m) 9  Missing
X301                   Relationship to child                            297    1    N    I    1    0   No   No
  (X301_FRA)             Lien avec l'enfant                             
                               1  Mère
                               2  Père
                               3  Frère/soeur
                               4  Tante ou oncle
                               5  Grand-mère/ grand-père
                               6  Autre (specifier)
                           (m) 9  Manquant
                          (na)    Pas applicable
  (X301_VS1)             Relationship to child                          
                               1  Mother
                               2  Father
                               3  Sibling
                               4  Aunt/Uncle
                               5  Grand mom/ grand dad
                               6  Other (specify)
                           (m) 9  Missing
                          (na)    Pas applicable
X302                   Respondent's age                                 298    2    N    I    1    0   No   No
  (X302_FRA)             Age de la cliente                              
                               11:95  
                               98     NSP
                           (m) 99     Manquant
  (X302_VS1)             Respondent's age                               
                               11:95  
                               98     Don't know
                           (m) 99     Missing
X303                   Ever attended school                             300    1    N    I    1    0   No   No
  (X303_FRA)             Fréquenté l'école (formelle)                   
                               1  Oui
                               2  Non
                           (m) 9  Manquant
  (X303_VS1)             Ever attended school                           
                               1  Yes
                               2  No
                           (m) 9  Missing
X304                   Highest level attended                           301    1    N    I    1    0   No   No
  (X304_FRA)             Le plus haut niveau scolaire atteint           
                               1  Primaire
                               2  Post-primaire / tecnique
                               3  Secondaire
                               4  Superieur / universitaire
                           (m) 9  Manquant
  (X304_VS1)             Highest level attended                         
                               1  Primary
                               2  Post-primary/ vocational
                               3  Secondary
                               4  College (middle level)/University
                           (m) 9  Missing
X305                   Literate                                         302    1    N    I    1    0   No   No
  (X305_FRA)             Sait lire ou écrire                            
                               1  Oui, lire seulement
                               2  Oui, lire et ecrire
                               3  Non
                           (m) 9  Manquant
  (X305_VS1)             Literate                                       
                               1  Yes, read and write
                               2  Yes, read only
                               3  No
                           (m) 9  Missing
X306H                  End interview hour                               303    2    N    I    1    0   No   No
  (X306H_FRA)            L'heure de la fin de l'interview               
                               6:22  
  (X306H_VS1)            End INTERVIew Hour                             
                               6:22  
X306M                  End interview minutes                            305    2    N    I    1    0   No   No
  (X306M_FRA)            Minute de la fin de l'interview                
                               0:59  
  (X306M_VS1)            End INTERVIew Minutes                          
                               0:59  
--------------------------------------------------------------------------------------------------------------
Relation Name         Primary               Linked by             Secondary             Linked by
--------------------------------------------------------------------------------------------------------------
