                                                  HTCS7AFLSP                                                  
                                               HTCS7AFLSP_DICT                                                

                                       HTCS7AFLSP.DCF                                                         
                                     Last Modified:  5/3/2019  7:58:11 PM                                     

--------------------------------------------------------------------------------------------------------------
Level Name                    Level Label                                                  Type            Rec
  Record Name                   Record Label                                              Value  Req  Max  Len
--------------------------------------------------------------------------------------------------------------
INVENTORY                     Inventory questionnaire                                                         
  REC32                         Section 32 List of multiple community health agency           C  Yes    1  897
Level: Inventory questionnaire                         Record: Section 32 List of multiple community health agency
--------------------------------------------------------------------------------------------------------------
                                                                                 Data Item            Dec Zero
Item Name              Item Label                                     Start  Len Type Type  Occ  Dec Char Fill
--------------------------------------------------------------------------------------------------------------
FACIL             (id) Facility identification                            1    5    N    I    1    0   No   No
                         (record type)                                    6    1   AN    I    1    0   No   No
Q32LINE                Line number                                        7    2    N    I   99    0   No   No
Q3203                  Sex                                              205    1    N    I   99    0   No   No
  (Q3203_FRA)            Sexe                                           
                               1  Homme
                               2  Femme
  (Q3203_VS1)            Sex                                            
                               1  Male
                               2  Female
Q3204                  Education level                                  304    1    N    I   99    0   No   No
  (Q3204_FRA)            Niveau education                               
                               1  Primaire
                               2  Secondaire
                               3  Supérieuse
                               9  Pas disponible
  (Q3204_VS1)            Education level                                
                               1  Primary
                               2  Secondary
                               3  Higher
                               9  Not available
Q3205                  Agent type                                       403    1    N    I   99    0   No   No
  (Q3205_FRA)            Type agent                                     
                               1  Agent de santé communitaire (ASC)
                               2  Agent de santé communitaire polyvalent (ASCP)
                               3  Superviseur
  (Q3205_VS1)            Agent type                                     
                               1  Health worker (ASC)
                               2  Multipurpose community health worker (ASCP)
                               3  Supervisor
Q3208                  Year started to work                             502    4    N    I   99    0   No   No
  (Q3208_FRA)            Année a commencé de travailler                 
                               1960:2018  
                               9998       NSP
                               9999       Pas disponible
  (Q3208_VS1)            Year started to work                           
                               1960:2018  
                               9998       Don't know
                               9999       Pas disponible
--------------------------------------------------------------------------------------------------------------
Relation Name         Primary               Linked by             Secondary             Linked by
--------------------------------------------------------------------------------------------------------------
