                                                  HTFP7AFLSR                                                  
                                               HTFP7AFLSR_DICT                                                

                                       HTFP7AFLSR.DCF                                                         
                                    Last Modified:  12/17/2019  4:51:39 PM                                    

--------------------------------------------------------------------------------------------------------------
Level Name                    Level Label                                                  Type            Rec
  Record Name                   Record Label                                              Value  Req  Max  Len
--------------------------------------------------------------------------------------------------------------
INVENTORY                     INVENTORY                                                                       
  RECORD1                       RECORD1                                                          Yes    1  375
Level: INVENTORY                                       Record: RECORD1
--------------------------------------------------------------------------------------------------------------
                                                                                 Data Item            Dec Zero
Item Name              Item Label                                     Start  Len Type Type  Occ  Dec Char Fill
--------------------------------------------------------------------------------------------------------------
INV_ID            (id) INVENTORY ID                                       1    5    N    I    1    0   No   No
P_ID              (id) Unit/Provider line number ID                       6    2    N    I    1    0   No   No
OBS_N             (id) Client type code                                   8    2   AN    I    1    0   No   No
                               AN  ANC
                               SC  Child Sick
                               FP  Family Planning
                               SI  STI
                               IN  Injection
                               DC  Delivery
                               LD  Labor/Delivery
OBS_ID            (id) Client ID                                         10    3    N    I    1    0   No   No
                         (record type)                                    0    0   AN    I    1    0   No   No
C000                   Survey phase                                      13    4   AN    I    1    0   No   No
C001                   Department (Country-specific)                     17    2    N    I    1    0   No   No
                               1   West
                               2   Southeast
                               3   North
                               4   Northeast
                               5   Artibonite
                               6   Central
                               7   South
                               8   Grand-Anse
                               9   Northwest
                               10  Nippes
C002                   Commune (Country-specific)                        19    4    N    I    1    0   No   No
                               111   Port-Au-Prince
                               112   Cité-Soleil/Delmas/Tabarre
                               113   Carrefour
                               114   Pétion-ville
                               115   Kenscoff
                               116   Gressier
                               121   Léogâne
                               122   Petit-Goâve
                               123   Grand-Goâve
                               131   Croix-des-Bouquets
                               132   Thomazeau
                               133   Ganthier
                               134   Cornillon
                               135   Fonds-Verrettes
                               141   Arcahaie
                               142   Cabaret
                               151   Anse-à-Galets
                               152   Pointe-à-Raquettes
                               211   Jacmel
                               212   Marigot
                               213   Cayes-Jacmel
                               214   La Vallée
                               221   Bainet
                               222   Côtes-de-Fer
                               231   Belle-Anse
                               232   Grand-Gosier
                               233   Thiotte
                               234   Anse-à-Pitres
                               311   Cap-Haïtien
                               312   Quartier-Morin
                               313   Limonade
                               321   Acul-du-Nord
                               322   Plaine-du-Nord
                               323   Milot
                               331   Grande-Rivière
                               332   Bahon
                               341   Saint-Raphaël
                               342   Dondon
                               343   Ranquitte
                               344   Pignon
                               345   La Victoire
                               351   Borgne
                               352   Port-Margot
                               361   Limbé
                               362   Bas-Limbé
                               371   Plaisance
                               372   Pilate
                               411   Fort-Liberté
                               412   Ferrier
                               413   Perches
                               421   Ouanaminthe
                               422   Capotille
                               423   Mont-Organisé
                               431   Trou-du-Nord
                               432   Sainte-Suzanne
                               433   Terrier-Rouge
                               434   Caracol
                               441   Vallières
                               442   Carice
                               443   Mombin-Crochu
                               511   Gonaïves
                               512   Ennery
                               513   L'Estère
                               521   Gros-Morne
                               522   Terre-Neuve
                               523   Anse-Rouge
                               531   Saint-Marc
                               532   Verrettes
                               533   La Chapelle
                               541   Dessalines
                               542   Petite-Rivière de l'Artibonite
                               543   Grande Saline
                               544   Desdunes
                               551   Saint-Michel
                               552   Marmelade
                               611   Hinche
                               612   Maïssade
                               613   Thomonde
                               614   Cerca-Cavajal
                               621   Mirebalais
                               622   Saut-d'Eau
                               623   Boucan-Carré
                               631   Lascahobas
                               632   Belladère
                               633   Savanette
                               641   Cerca-La-Source
                               642   Thomassique
                               711   Les Cayes
                               712   Torbeck
                               713   Chantal
                               714   Camp-Perrin
                               715   Maniche
                               716   Île-à-Vache
                               721   Port-Salut
                               722   Saint-Jean
                               723   Arniquet
                               731   Aquin
                               732   Saint-Louis du Sud
                               733   Cavaillon
                               741   Côteaux
                               742   Port-à-Piment
                               743   Roche-à-Bateau
                               751   Chardonnières
                               752   Les Anglais
                               753   Tiburon
                               811   Jérémie
                               812   Abricots
                               813   Bonbon
                               814   Moron
                               815   Chambellan
                               821   Anse-d'Hainault
                               822   Dame-Marie
                               823   Les Irois
                               831   Corail
                               832   Roseaux
                               833   Beaumont
                               834   Pestel
                               911   Port-de-Paix
                               912   La Tortue
                               913   Bassin-Bleu
                               914   Chansolme
                               921   St-Ls-du-Nord'Ouest
                               922   Anse-à-Foleur
                               931   Môle-Saint-Nicolas
                               932   Baie-de-Henne
                               933   Bombardopolis
                               934   Jean-Rabel
                               1001  Fonds-des-Nègres
                               1002  Arnaud
                               1003  Grand-Boucan
                               1004  Paillant
                               1005  Plaisance
                               1041  Miragoâne
                               1042  Petite-Rivière de Nippes
                               1051  Anse-à-Veau
                               1052  Baradères
                               1053  Petit-Trou
                               1054  L'Asile
C003                   Urban/rural                                       23    1    N    I    1    0   No   No
                               1  Urban
                               2  Rural
                           (m) 9  
C004                   Facility number                                   24    5    N    I    1    0   No   No
C004P                  Provider line number                              29    2    N    I    1    0   No   No
C004CT                 Client type code (alpha)                          31    2   AN    I    1    0   No   No
                               AN  ANC
                               SC  Child Sick
                               FP  Family Planning
                               SI  STI
                               IN  Injection
                               DC  Delivery
                               LD  Labor/Delivery
C004CN                 Client ID number                                  33    3    N    I    1    0   No   No
C005                   Sample weight                                     36    8    N    I    1    0   No   No
C007                   Facility type (Country-specific)                  44    2    N    I    1    0   No   No
                               1  University hospital
                               2  Department hospital
                               3  Community reference hospital
                               4  Other hospitals
                               5  Health Center with lit
                               6  Health Center without lit
                               7  Dispensary/Community Health Center
C008                   Facility managing authority (Country-specific)    46    2    N    I    1    0   No   No
                               1  Government/public
                               2  Private not for profit
                               3  Private for profit
                               4  Mixed
C009A                  Interviewer for observation                       48    4    N    I    1    0   No   No
                               1000:2404  
C009B                  Interviewer for exit interview                    52    4    N    I    1    0   No   No
                               1000:2404  
C009C                  NA - Keyer                                        56    3    N    I    1    0   No   No
                               10:205  
C020A                  Result of observation                             59    1    N    I    1    0   No   No
                               0  Refused by provider or client
                               1  Complete
                               7  Not returned from field
C020B                  Result of exit interview                          60    1    N    I    1    0   No   No
                               0  Refused by client
                               1  Complete
                               2  Sick child admitted, not possible to continue
                               7  Not returned from field
C021                   Type of client                                    61    1    N    I    1    0   No   No
                               1  ANC
                               2  Child Sick
                               3  Family Planning
                               6  CS - Labor/Delivery
C022                   Sex of provider                                   62    1    N    I    1    0   No   No
                               1  Male
                               2  Female
                           (m) 9  
C023                   Sex of client/sick child                          63    1    N    I    1    0   No   No
                               1  Male
                               2  Female
                           (m) 9  
C024                   Technical qualification of provider (Country-sp   64    2    N    I    1    0   No   No
  (C024_VS1)             Technical qualification of provider (Country-sp
                               1   Generalist Medical Doctor
                               2   Specialist Medical Doctor
                               3   Clinical Officer (Degree Level)
                               4   Clinical Technician (Diploma)
                               5   Medical Assistant
                               21  Registered Nurse (BSN)
                               22  Registered Nurse Midwife (BSN)
                               23  Registered Psychiatric Nurse
                               24  Registered Nurse with Diploma
                               25  Enrolled Nurse
                               26  Community Health Nurse
                               27  Enrolled Midwife /Nurse Midwife Technical
                               28  Enrolled Nurse Midwife
                               31  Pharmacist
                               32  Pharmacy Assistant
                               35  Laboratory Technician
                               36  Laboratory Assistant
                               37  Radiology Technician
                               38  Medical Imaging Technician
                               41  Environment Health Officer
                               42  Health Surveillance Assistant (HSA)
                               43  HIV Testing and Counseling Counselors (NON-HSA)
                               44  Dental Hygienist
                               71  Other Community Health Workers
                               96  Other
                               97  No Technical Qualification
                               99  Missing
                          (na)     
  (C024_VS2)             Technical qualification of provider (standard g
                               1:19   Medical
                               21:29  Nursing
                               31:34  Pharmacy
                               35:39  Lab staff
                               41:49  Other clinical
                               71:79  Other client service
                               96     Other providing clinical services
                           (m) 99     Missing
C032                   Month of observation/interview                    66    2    N    I    1    0   No   No
                               1   January
                               2   February
                               3   March
                               4   April
                               5   May
                               6   June
                               7   July
                               8   August
                               9   September
                               10  October
                               11  November
                               12  December
C033                   Year of observation/interview                     68    4    N    I    1    0   No   No
                               2017:2018  
                          (na)            
C033D                  Day of observation/interview                      72    2    N    I    1    0   No   No
                               1:31  
C501                   Duration of wait before being seen                74    3    N    I    1    0   No   No
                               0      Saw provider immediately
                               1:600  
                               998    Don't know
                           (m) 999    
                          (na)        
C502A                  Client problem during visit: Time had to wait     77    1    N    I    1    0   No   No
                               0  No problem
                               1  Large problem
                               2  Small problem
                               8  Don't know
                           (m) 9  
                          (na)    
C502B                  Client problem during visit: Ability to discuss   78    1    N    I    1    0   No   No
                               0  No problem
                               1  Large problem
                               2  Small problem
                               8  Don't know
                           (m) 9  
                          (na)    
C502C                  Client problem during visit: Amount of explanat   79    1    N    I    1    0   No   No
                               0  No problem
                               1  Large problem
                               2  Small problem
                               8  Don't know
                           (m) 9  
                          (na)    
C502E                  Client problem during visit: Visual privacy       80    1    N    I    1    0   No   No
                               0  No problem
                               1  Large problem
                               2  Small problem
                               8  Don't know
                           (m) 9  
                          (na)    
C502F                  Client problem during visit: Auditory privacy     81    1    N    I    1    0   No   No
                               0  No problem
                               1  Large problem
                               2  Small problem
                               8  Don't know
                           (m) 9  
                          (na)    
C502G                  Client problem during visit: Availability of me   82    1    N    I    1    0   No   No
                               0  No problem
                               1  Large problem
                               2  Small problem
                               8  Don't know
                           (m) 9  
                          (na)    
C502H                  Client problem during visit: Hours of service     83    1    N    I    1    0   No   No
                               0  No problem
                               1  Large problem
                               2  Small problem
                               8  Don't know
                           (m) 9  
                          (na)    
C502I                  Client problem during visit: Days of service      84    1    N    I    1    0   No   No
                               0  No problem
                               1  Large problem
                               2  Small problem
                               8  Don't know
                           (m) 9  
                          (na)    
C502J                  Client problem during visit: Cleanliness of fac   85    1    N    I    1    0   No   No
                               0  No problem
                               1  Large problem
                               2  Small problem
                               8  Don't know
                           (m) 9  
                          (na)    
C502K                  Client problem during visit: Staff treatment of   86    1    N    I    1    0   No   No
                               0  No problem
                               1  Large problem
                               2  Small problem
                               8  Don't know
                           (m) 9  
                          (na)    
C502L                  Client problem during visit: Cost                 87    1    N    I    1    0   No   No
                               0  No problem
                               1  Large problem
                               2  Small problem
                               8  Don't know
                           (m) 9  
                          (na)    
C503                   Part of prepayment plan/insurance that pays par   88    1    N    I    1    0   No   No
                               0  No
                               1  Yes
                               8  Don't know
                           (m) 9  
                          (na)    
C504                   Charged for services today                        89    1    N    I    1    0   No   No
                               0  No
                               1  Yes
                           (m) 9  
                          (na)    
C505                   Total amount paid in Gourdes                      90    6    N    I    1    0   No   No
                               0:999990  
                               999998    Don't know
                           (m) 999999    
                          (na)           
C507                   Facility nearest to home                          96    1    N    I    1    0   No   No
                               0  No
                               1  Yes
                               8  Don't know
                           (m) 9  
                          (na)    
C508                   Reason did not go to nearest facility             97    2    N    I    1    0   No   No
                               1   Inconvenient operating hours
                               2   Bad reputation
                               3   Don't like personnel
                               4   No medicine
                               5   Prefers to remain anonymous
                               6   More expensive
                               7   Referral
                               96  Other
                               98  Don't know
                           (m) 99  
                          (na)     
C510                   Caretaker relationship to sick child (Sick chil   99    1    N    I    1    0   No   No
                               1  Mother
                               2  Father
                               3  Sibling
                               4  Aunt or uncle
                               5  Grandparent
                               6  Other
                           (m) 9  
                          (na)    
C511                   Age of client (caretaker of client)              100    2    N    I    1    0   No   No
                               10:95  
                               98     Don't know
                           (m) 99     
C512                   Highest level of education attended              102    1    N    I    1    0   No   No
                               0  Never attended school
                               1  Primary
                               2  Secondary
                               3  Higher
                               8  Don't know
                           (m) 9  
C514                   Literacy level                                   103    1    N    I    1    0   No   No
                               0  Cannot read or write
                               1  Read only
                               2  Read and write
                               8  Don't know
                               0  
                           (m) 9  
C515                   Country reported highest level of education att  104    1    N    I    1    0   No   No
                               0  No schooling
                               1  Primary
                               2  Post-primary/Technical
                               3  Secondary
                               4  Higher/University
                           (m) 9  
                          (na)    
C517A                  Time observation interview began                 105    4    N    I    1    0   No   No
                               0:2459  
                               9797    Inconsistent
                               9898    Don't know
                           (m) 9999    
                          (na)         
C517B                  Time observation interview ended                 109    4    N    I    1    0   No   No
                               0:2459  
                               9797    Inconsistent
                               9898    Don't know
                           (m) 9999    
                          (na)         
C518A                  Time exit interview began                        113    4    N    I    1    0   No   No
                               100:2459  
                               9797      Inconsistent
                               9898      Don't know
                           (m) 9999      
                          (na)           
C518B                  Time exit interview ended                        117    4    N    I    1    0   No   No
                               100:2459  
                               9797      Inconsistent
                               9898      Don't know
                           (m) 9999      
                          (na)           
C520                   Opinion of services given today                  121    2    N    I    1    0   No   No
                               1   Very satisfied
                               2   Somewhat satisfied
                               3   Not satisfied
                           (m) 99  
                          (na)     
C521                   Would recommend to friend/family member          123    1    N    I    1    0   No   No
                               0  No
                               1  Yes
                               8  DK
                           (m) 9  
                          (na)    
C522                   First observation for this provider for this se  124    1    N    I    1    0   No   No
                               0  No or incomplete observation
                               1  Yes
                               2  More than 1 reported as first
SCDEPART               CS - Region with West separated for metropolita  125    2    N    I    1    0   No   No
                               0   West
                               1   ...Metropolitan
                               2   ...Other West
                               3   Southeast
                               4   North
                               5   Northeast
                               6   Artibonite
                               7   Central
                               8   South
                               9   Grand-Anse
                               10  Northwest
                               11  Nippes
SCLOCAL                CS - Metropolitan/other cities/locality          127    1    N    I    1    0   No   No
                               1  Metropolitan
                               2  Other cities
                               3  Locality
C202                   First visit (Data from observation)              128    1    N    I    1    0   No   No
                               1  First visit
                               2  Follow-up visit
                               8  Don't know
                           (m) 9  
                          (na)    
C203A                  Main symptoms: Cough or difficult breathing      129    1    N    I    1    0   No   No
                               0  No
                               1  Yes
                           (m) 9  
                          (na)    
C203B                  Main symptoms: Diarrhea                          130    1    N    I    1    0   No   No
                               0  No
                               1  Yes
                           (m) 9  
                          (na)    
C203C                  Main symptoms: Fever or body hotness             131    1    N    I    1    0   No   No
                               0  No
                               1  Yes
                           (m) 9  
                          (na)    
C203D                  Main symptoms: Ear problems                      132    1    N    I    1    0   No   No
                               0  No
                               1  Yes
                           (m) 9  
                          (na)    
C203Y                  Main symptoms: None of the above 4               133    1    N    I    1    0   No   No
                               0  No
                               1  Yes, no main symptoms
                           (m) 9  
                          (na)    
C204A                  Other problems General: Unable to drink/breastf  134    1    N    I    1    0   No   No
                               0  No
                               1  Yes, none of first 3 problems
                           (m) 9  
                          (na)    
C204B                  Other problems General: Vomiting everything      135    1    N    I    1    0   No   No
                               0  No
                               1  Yes
                           (m) 9  
                          (na)    
C204C                  Other problems General: Had convulsions          136    1    N    I    1    0   No   No
                               0  No
                               1  Yes
                           (m) 9  
                          (na)    
C204D                  Other problems HIV symptomatic: Mother's HIV st  137    1    N    I    1    0   No   No
                               0  No
                               1  Yes
                           (m) 9  
                          (na)    
C204E                  Other problems HIV symptomatic: TB infection in  138    1    N    I    1    0   No   No
                               0  No
                               1  Yes
                           (m) 9  
                          (na)    
C204F                  Other problems HIV symptomatic: Two or more epi  139    1    N    I    1    0   No   No
                               0  No
                               1  Yes
                           (m) 9  
                          (na)    
C204Y1                 Other problems: None of C204A, B, C              140    1    N    I    1    0   No   No
                               0  No
                               1  Yes, none of general danger signs
                           (m) 9  
                          (na)    
C204Y2                 Other problems HIV symptomatic: None of C204D,   141    1    N    I    1    0   No   No
                               0  No
                               1  Yes, none of HIV symptomatic indicators
                           (m) 9  
                          (na)    
C205A                  Physical exam: temperature by thermometer        142    1    N    I    1    0   No   No
                               0  No
                               1  Yes
                           (m) 9  
                          (na)    
C205B                  Physical exam: feel for fever or hotness         143    1    N    I    1    0   No   No
                               0  No
                               1  Yes
                           (m) 9  
                          (na)    
C205C                  Physical exam: Count respirations                144    1    N    I    1    0   No   No
                               0  No
                               1  Yes
                           (m) 9  
                          (na)    
C205D                  Physical exam: Auscultate child                  145    1    N    I    1    0   No   No
                               0  No
                               1  Yes
                           (m) 9  
                          (na)    
C205E                  Physical exam: Check turgor for dehydration      146    1    N    I    1    0   No   No
                               0  No
                               1  Yes
                           (m) 9  
                          (na)    
C205F                  Physical exam: Check for pallor by looking at p  147    1    N    I    1    0   No   No
                               0  No
                               1  Yes
                           (m) 9  
                          (na)    
C205G                  Physical exam: Check for pallor by looking at c  148    1    N    I    1    0   No   No
                               0  No
                               1  Yes
                           (m) 9  
                          (na)    
C205H                  Physical exam: Look in ear                       149    1    N    I    1    0   No   No
                               0  No
                               1  Yes
                           (m) 9  
                          (na)    
C205I                  Physical exam: Feel behind ear                   150    1    N    I    1    0   No   No
                               0  No
                               1  Yes
                           (m) 9  
                          (na)    
C205J                  Physical exam: Undress child to examine          151    1    N    I    1    0   No   No
                               0  No
                               1  Yes
                           (m) 9  
                          (na)    
C205K                  Physical exam: Press feet to check for edema     152    1    N    I    1    0   No   No
                               0  No
                               1  Yes
                           (m) 9  
                          (na)    
C205M                  Physical exam: Weigh the child                   153    1    N    I    1    0   No   No
                               0  No
                               1  Yes
                           (m) 9  
                          (na)    
C205N                  Physical exam: Plot weight on growth chart       154    1    N    I    1    0   No   No
                               0  No
                               1  Yes
                           (m) 9  
                          (na)    
C205P                  Physical exam: Look in child's mouth             155    1    N    I    1    0   No   No
                               0  No
                               1  Yes
                           (m) 9  
                          (na)    
C205Q                  Physical exam: Check for neck stiffness          156    1    N    I    1    0   No   No
                               0  No
                               1  Yes
                           (m) 9  
                          (na)    
C205R                  Physical exam: Check for enlarged lymph nodes i  157    1    N    I    1    0   No   No
                               0  No
                               1  Yes
                           (m) 9  
                          (na)    
C205S                  CS - Physical exam: Compare child's weight with  158    1    N    I    1    0   No   No
                               0  No
                               1  Yes
                           (m) 9  
                          (na)    
C205Y                  Physical exam: None of the above physical check  159    1    N    I    1    0   No   No
                               0  No
                               1  Yes, none
                           (m) 9  
                          (na)    
CF205A                 Routine action in facility: Take child's temper  160    1    N    I    1    0   No   No
                               0  Activity not routinely done
                               1  Observed
                               2  Reported, not seen
                               8  Don't know
CF205M                 Routine action in facility: Weigh child          161    1    N    I    1    0   No   No
                               0  Activity not routinely done
                               1  Observed
                               2  Reported, not seen
                               8  Don't know
CF205N                 Routine action in facility: Plot child's weight  162    1    N    I    1    0   No   No
                               0  Activity not routinely done
                               1  Observed
                               2  Reported, not seen
                               8  Don't know
CF205XA                Routine action in facility: Conduct group healt  163    1    N    I    1    0   No   No
                               0  Activity not routinely done
                               1  Observed
                               2  Reported, not seen
                               8  Don't know
CF205XB                Routine action in facility: Assess child's vacc  164    1    N    I    1    0   No   No
                               0  Activity not routinely done
                               1  Observed
                               2  Reported, not seen
                               8  Don't know
CF205XC                Routine action in facility: Administer fever-re  165    1    N    I    1    0   No   No
                               0  Activity not routinely done
                               1  Observed
                               2  Reported, not seen
                               8  Don't know
CF205XD                Routine action in facility: Triage children      166    1    N    I    1    0   No   No
                               0  Activity not routinely done
                               1  Observed
                               2  Reported, not seen
                               8  Don't know
CF205XE                NA - Routine action in facility: CS              167    1    N    I    1    0   No   No
                               0  Activity not routinely done
                               1  Observed
                               2  Reported, not seen
                               8  Don't know
C206A                  Other assessments: Offered breast or drink       168    1    N    I    1    0   No   No
                               0  No
                               1  Yes
                               8  Don't know
                           (m) 9  
                          (na)    
C206B                  Other assessments: Normal feeding when not ill   169    1    N    I    1    0   No   No
                               0  No
                               1  Yes
                           (m) 9  
                          (na)    
C206C                  Other assessments: Normal breastfeeding when no  170    1    N    I    1    0   No   No
                               0  No
                               1  Yes
                           (m) 9  
                          (na)    
C206D                  Other assessments: Feeding or breastfeeding dur  171    1    N    I    1    0   No   No
                               0  No
                               1  Yes
                           (m) 9  
                          (na)    
C206E                  Other assessments: Discuss weight/growth/growth  172    1    N    I    1    0   No   No
                               0  No
                               1  Yes
                           (m) 9  
                          (na)    
C206F                  Other assessments: Review immunization card or   173    1    N    I    1    0   No   No
                               0  No
                               1  Yes
                           (m) 9  
                          (na)    
C206G                  Other assessments: Ask if child received vitami  174    1    N    I    1    0   No   No
                               0  No
                               1  Yes
                           (m) 9  
                          (na)    
C206I                  Other assessments: Asked if child received de-w  175    1    N    I    1    0   No   No
                               0  No
                               1  Yes
                           (m) 9  
                          (na)    
C206Y                  Other assessments: None of the above             176    1    N    I    1    0   No   No
                               0  No
                               1  Yes, none
                           (m) 9  
                          (na)    
C207A                  Caretaker counseling: Provide general informati  177    1    N    I    1    0   No   No
                               0  No
                               1  Yes
                           (m) 9  
                          (na)    
C207B                  Caretaker counseling: Advise extra fluids durin  178    1    N    I    1    0   No   No
                               0  No
                               1  Yes
                           (m) 9  
                          (na)    
C207C                  Caretaker counseling: Advise continued feeding   179    1    N    I    1    0   No   No
                               0  No
                               1  Yes
                           (m) 9  
                          (na)    
C207D                  Caretaker counseling: Name the illness for the   180    1    N    I    1    0   No   No
                               0  No
                               1  Yes
                           (m) 9  
                          (na)    
C207E                  Caretaker counseling: Describe symptoms requiri  181    1    N    I    1    0   No   No
                               0  No
                               1  Yes
                           (m) 9  
                          (na)    
C207F                  Caretaker counseling: Used visual aid to educat  182    1    N    I    1    0   No   No
                               0  No
                               1  Yes
                           (m) 9  
                          (na)    
C207Y                  Caretaker counseling: No caretaker counseling    183    1    N    I    1    0   No   No
                               0  No
                               1  Yes, none
                           (m) 9  
                          (na)    
C208B                  Referral: Child referred to other provider       184    1    N    I    1    0   No   No
                               0  No
                               1  Yes
                           (m) 9  
                          (na)    
C208C                  Referral: Child referred to lab for test         185    1    N    I    1    0   No   No
                               0  No
                               1  Yes
                           (m) 9  
                          (na)    
C208D                  Referral: Provider explained referral            186    1    N    I    1    0   No   No
                               0  No
                               1  Yes
                           (m) 9  
                          (na)    
C208E                  Referral: Referral slip given                    187    1    N    I    1    0   No   No
                               0  No
                               1  Yes
                           (m) 9  
                          (na)    
C208F                  Referral: Told where to go and whom to see       188    1    N    I    1    0   No   No
                               0  No
                               1  Yes
                           (m) 9  
                          (na)    
C208G                  Referral: Told when to go                        189    1    N    I    1    0   No   No
                               0  No
                               1  Yes
                           (m) 9  
                          (na)    
C208H                  Referral: Recommended child be hospitalized urg  190    1    N    I    1    0   No   No
                               0  No
                               1  Yes
                           (m) 9  
                          (na)    
C208Y                  Referral: No referrals                           191    1    N    I    1    0   No   No
                               0  No
                               1  Yes, none
                           (m) 9  
                          (na)    
C209A                  Home meds: Oral medications prescribed or provi  192    1    N    I    1    0   No   No
                               0  No
                               1  Yes
                           (m) 9  
                          (na)    
C209B                  Home meds: Oral medication administration expla  193    1    N    I    1    0   No   No
                               0  No
                               1  Yes
                           (m) 9  
                          (na)    
C209C                  Home meds: Caretaker asked to repeat instructio  194    1    N    I    1    0   No   No
                               0  No
                               1  Yes
                           (m) 9  
                          (na)    
C209D                  Home meds: Oral medications - first dose given   195    1    N    I    1    0   No   No
                               0  No
                               1  Yes
                           (m) 9  
                          (na)    
C209Y                  Home meds: Oral medications - none prescribed o  196    1    N    I    1    0   No   No
                               0  No
                               1  Yes, none
                           (m) 9  
                          (na)    
C211A                  Child's health card: Provider referred to it     197    1    N    I    1    0   No   No
                               0  No
                               1  Yes
                           (m) 9  
                          (na)    
C211B                  Child's health card: Provider wrote on it        198    1    N    I    1    0   No   No
                               0  No
                               1  Yes
                           (m) 9  
                          (na)    
C212                   Follow-up discussed                              199    1    N    I    1    0   No   No
                               0  No
                               1  Yes
                           (m) 9  
                          (na)    
C213                   Outcome of consultation                          200    1    N    I    1    0   No   No
                               1  Child sent home
                               2  Child referred to provider at same facility
                               3  Child admitted to same facility
                               4  Child sent to lab
                               5  Child referred to other facility
                           (m) 9  
                          (na)    
C220                   Asked provider for diagnosis                     201    1    N    I    1    0   No   No
                               1  Yes, all with responses
                           (m) 9  
                          (na)    
C221A                  Diagnosis Respiratory: Pneumonia/ Broncopneumon  202    1    N    I    1    0   No   No
                               0  No
                               1  Yes, severity not reported
                           (m) 9  
                          (na)    
C221C                  Diagnosis Respiratory: Bronchial Spasm/asthma    203    1    N    I    1    0   No   No
                               0  No
                               1  Yes, severity not reported
                           (m) 9  
                          (na)    
C221D                  Diagnosis Respiratory: Upper respiratory infect  204    1    N    I    1    0   No   No
                               0  No
                               1  Yes, severity not reported
                           (m) 9  
                          (na)    
C221E                  Diagnosis Respiratory: Respiratory illness, dia  205    1    N    I    1    0   No   No
                               0  No
                               1  Yes, severity not reported
                           (m) 9  
                          (na)    
C221F                  Diagnosis Respiratory: Cough, diagnosis uncerta  206    1    N    I    1    0   No   No
                               0  No
                               1  Yes, severity not reported
                           (m) 9  
                          (na)    
C221Y                  Diagnosis Respiratory: No respiratory diagnosis  207    1    N    I    1    0   No   No
                               0  No
                               1  Yes, no respiratory dx
                           (m) 9  
                          (na)    
C222A                  NA - Diagnosis Digestive: Persistent diarrhea    208    1    N    I    1    0   No   No
                               0  No
                               1  Yes, severity not reported
                           (m) 9  
                          (na)    
C222B                  Diagnosis Digestive: Diarrhea                    209    1    N    I    1    0   No   No
                               0  No
                               1  Yes, severity not reported
                           (m) 9  
                          (na)    
C222C                  Diagnosis Digestive: Dysentery                   210    1    N    I    1    0   No   No
                               0  No
                               1  Yes, severity not reported
                           (m) 9  
                          (na)    
C222D                  Diagnosis Digestive: Amebiasis                   211    1    N    I    1    0   No   No
                               0  No
                               1  Yes, severity not reported
                           (m) 9  
                          (na)    
C222E                  Diagnosis Digestive: Other digestive/diarrhea    212    1    N    I    1    0   No   No
                               0  No
                               1  Yes, severity not reported
                           (m) 9  
                          (na)    
C222F                  NA - Diagnosis Digestive: Acute watery diarrhea  213    1    N    I    1    0   No   No
                               0  No
                               1  Yes, severity not reported
                           (m) 9  
                          (na)    
C222G                  CS - Diagnosis Digestive: Parasitose             214    1    N    I    1    0   No   No
                               0  No
                               1  Yes, severity not reported
                           (m) 9  
                          (na)    
C222Y                  Diagnosis Digestive: No digestive diagnosis      215    1    N    I    1    0   No   No
                               0  No
                               1  Yes, no digestive dx
                           (m) 9  
                          (na)    
C223A                  Diagnosis: Dehydration * special codes           216    1    N    I    1    0   No   No
                               0  No/No dehydration
                               1  Severe
                               2  Moderate
                               3  Mild
                               8  Don't know
                           (m) 9  
                          (na)    
C224A                  Diagnosis Malaria: Clinical diagnosis            217    1    N    I    1    0   No   No
                               0  No
                               1  Yes, severity not reported
                           (m) 9  
                          (na)    
C224B                  Diagnosis Malaria: Blood smear                   218    1    N    I    1    0   No   No
                               0  No
                               1  Yes, severity not reported
                           (m) 9  
                          (na)    
C224D                  Diagnosis Malaria: RDT                           219    1    N    I    1    0   No   No
                               0  No
                               1  Yes, severity not reported
                           (m) 9  
                          (na)    
C224Y                  Diagnosis Malaria: No malaria diagnosis          220    1    N    I    1    0   No   No
                               0  No
                               1  Yes, no malaria dx
                           (m) 9  
                          (na)    
C225A                  Diagnosis Fever/Measles: Fever of unknown origi  221    1    N    I    1    0   No   No
                               0  No
                               1  Yes, severity not reported
                           (m) 9  
                          (na)    
C225B                  Diagnosis Fever/Measles: Measles with no compli  222    1    N    I    1    0   No   No
                               0  No
                               1  Yes, severity not reported
                           (m) 9  
                          (na)    
C225C                  Diagnosis Fever/Measles: Measles with complicat  223    1    N    I    1    0   No   No
                               0  No
                               1  Yes, severity not reported
                           (m) 9  
                          (na)    
C225D                  Diagnosis Fever/Measles: Typhoid fever           224    1    N    I    1    0   No   No
                               0  No
                               1  Yes, severity not reported
                           (m) 9  
                          (na)    
C225E                  Diagnosis Fever/Measles: Urinary track infectio  225    1    N    I    1    0   No   No
                               0  No
                               1  Yes, severity not reported
                           (m) 9  
                          (na)    
C225F                  Diagnosis Fever/Measles: Septicemia              226    1    N    I    1    0   No   No
                               0  No
                               1  Yes, severity not reported
                           (m) 9  
                          (na)    
C225G                  Diagnosis Fever/Measles: Meningitis              227    1    N    I    1    0   No   No
                               0  No
                               1  Yes, severity not reported
                           (m) 9  
                          (na)    
C225Y                  Diagnosis Fever/Measles: No fever/ measles diag  228    1    N    I    1    0   No   No
                               0  No
                               1  Yes, no fever/measles dx
                           (m) 9  
                          (na)    
C226A                  Diagnosis Ear: Mastoiditis                       229    1    N    I    1    0   No   No
                               0  No
                               1  Yes, severity not reported
                           (m) 9  
                          (na)    
C226B                  Diagnosis Ear: Acute ear infections              230    1    N    I    1    0   No   No
                               0  No
                               1  Yes, severity not reported
                           (m) 9  
                          (na)    
C226C                  Diagnosis Ear: Chronic ear infection             231    1    N    I    1    0   No   No
                               0  No
                               1  Yes, severity not reported
                           (m) 9  
                          (na)    
C226D                  Diagnosis Ear: Other ear infection               232    1    N    I    1    0   No   No
                               0  No
                               1  Yes, severity not reported
                           (m) 9  
                          (na)    
C226Y                  Diagnosis Ear: No ear diagnosis                  233    1    N    I    1    0   No   No
                               0  No
                               1  Yes, no ear dx
                           (m) 9  
                          (na)    
C227A                  NA - Diagnosis Throat: Streptococcal sore throa  234    1    N    I    1    0   No   No
                               0  No
                               1  Yes, severity not reported
                           (m) 9  
                          (na)    
C227B                  NA - Diagnosis Throat: Non-streptococcal sore t  235    1    N    I    1    0   No   No
                               0  No
                               1  Yes, severity not reported
                           (m) 9  
                          (na)    
C227C                  Diagnosis Throat: Other throat diagnosis         236    1    N    I    1    0   No   No
                               0  No
                               1  Yes, severity not reported
                           (m) 9  
                          (na)    
C227D                  Diagnosis Sore throat (Pharyngitis)              237    1    N    I    1    0   No   No
                               0  No
                               1  Yes, severity not reported
                           (m) 9  
                          (na)    
C227Y                  Diagnosis Throat: No throat diagnosis            238    1    N    I    1    0   No   No
                               0  No
                               1  Yes, no throat dx
                           (m) 9  
                          (na)    
C228A                  Diagnosis: Other diagnosis                       239    1    N    I    1    0   No   No
                               0  No
                               1  Yes, severity not reported
                           (m) 9  
                          (na)    
C228B                  Diagnosis: Abscess                               240    1    N    I    1    0   No   No
                               0  No
                               1  Yes, severity not reported
                           (m) 9  
                          (na)    
C228C                  Diagnosis: Bacterial conjunctivitis              241    1    N    I    1    0   No   No
                               0  No
                               1  Yes, severity not reported
                           (m) 9  
                          (na)    
C228D                  Diagnosis: Skin condition                        242    1    N    I    1    0   No   No
                               0  No
                               1  Yes, severity not reported
                           (m) 9  
                          (na)    
C228E                  CS - Diagnosis: Anemia                           243    1    N    I    1    0   No   No
                               0  No
                               1  Yes, severity not reported
                           (m) 9  
                          (na)    
C228Y                  Diagnosis: No other diagnosis                    244    1    N    I    1    0   No   No
                               0  No
                               1  Yes, no other dx
                           (m) 9  
                          (na)    
C230_36Y               No treatment prescribed during consult           245    1    N    I    1    0   No   No
                               0  No, some treatment prescribed
                               1  Yes, no treatment prescribed during visit
                           (m) 9  
                          (na)    
C230A                  Treatment General med: Benzyl penicillin inject  246    1    N    I    1    0   No   No
                               0  No
                               1  Yes
                           (m) 9  
                          (na)    
C230B                  Treatment General med: Other antibiotic injecti  247    1    N    I    1    0   No   No
                               0  No
                               1  Yes
                           (m) 9  
                          (na)    
C230C                  Treatment General med: Other injection           248    1    N    I    1    0   No   No
                               0  No
                               1  Yes
                           (m) 9  
                          (na)    
C230E                  Treatment General med: Other antibiotic tablet/  249    1    N    I    1    0   No   No
                               0  No
                               1  Yes
                           (m) 9  
                          (na)    
C230F                  Treatment General med: Paracetamol               250    1    N    I    1    0   No   No
                               0  No
                               1  Yes
                           (m) 9  
                          (na)    
C230G                  Treatment General med: Vitamins                  251    1    N    I    1    0   No   No
                               0  No
                               1  Yes
                           (m) 9  
                          (na)    
C230H                  Treatment General med: Cough syrups/other meds   252    1    N    I    1    0   No   No
                               0  No
                               1  Yes
                           (m) 9  
                          (na)    
C230I                  Treatment General med: Zinc                      253    1    N    I    1    0   No   No
                               0  No
                               1  Yes
                           (m) 9  
                          (na)    
C230J                  Treatment General med: Co-trimoxazole tablets    254    1    N    I    1    0   No   No
                               0  No
                               1  Yes
                           (m) 9  
                          (na)    
C230K                  Treatment General med: Co-trimoxazole syrup      255    1    N    I    1    0   No   No
                               0  No
                               1  Yes
                           (m) 9  
                          (na)    
C230L                  Treatment General med: Amoxicillin capsules      256    1    N    I    1    0   No   No
                               0  No
                               1  Yes
                           (m) 9  
                          (na)    
C230M                  Treatment General med: Amoxicillin syrup         257    1    N    I    1    0   No   No
                               0  No
                               1  Yes
                           (m) 9  
                          (na)    
C230N                  Treatment General med: Fever reducing other tha  258    1    N    I    1    0   No   No
                               0  No
                               1  Yes
                           (m) 9  
                          (na)    
C230Y                  Treatment General med: No general treatment med  259    1    N    I    1    0   No   No
                               0  No
                               1  Yes, no general med given
                           (m) 9  
                          (na)    
C232A                  Treatment Respiratory: Nebulilzer or inhaler     260    1    N    I    1    0   No   No
                               0  No
                               1  Yes
                           (m) 9  
                          (na)    
C232B                  Treatment Respiratory: Injectable bronchodilato  261    1    N    I    1    0   No   No
                               0  No
                               1  Yes
                           (m) 9  
                          (na)    
C232C                  Treatment Respiratory: Oral bronchodilator       262    1    N    I    1    0   No   No
                               0  No
                               1  Yes
                           (m) 9  
                          (na)    
C232D                  Treatment Respiratory: Dry ear by wicking        263    1    N    I    1    0   No   No
                               0  No
                               1  Yes
                           (m) 9  
                          (na)    
C232Y                  Treatment Respiratory: No respiratory treatment  264    1    N    I    1    0   No   No
                               0  No
                               1  Yes, no respiratory med given
                           (m) 9  
                          (na)    
C233A                  Treatment Malaria injectable: Quinine            265    1    N    I    1    0   No   No
                               0  No
                               1  Yes
                           (m) 9  
                          (na)    
C233C                  Treatment Malaria injectable: Other injectable   266    1    N    I    1    0   No   No
                               0  No
                               1  Yes
                           (m) 9  
                          (na)    
C233E                  NA - Treatment Malaria injectable: Artemether/   267    1    N    I    1    0   No   No
                               0  No
                               1  Yes
                           (m) 9  
                          (na)    
C233F                  NA - Treatment Malaria suppository: Artemether/  268    1    N    I    1    0   No   No
                               0  No
                               1  Yes
                           (m) 9  
                          (na)    
C234A                  Treatment Malaria oral: Fansidar (SP)            269    1    N    I    1    0   No   No
                               0  No
                               1  Yes
                           (m) 9  
                          (na)    
C234B                  NA - Treatment Malaria oral: Artemisinin (incl   270    1    N    I    1    0   No   No
                               0  No
                               1  Yes
                           (m) 9  
                          (na)    
C234C                  NA - Treatment Malaria oral: Amodiaquine         271    1    N    I    1    0   No   No
                               0  No
                               1  Yes
                           (m) 9  
                          (na)    
C234D                  NA - Treatment Malaria oral: Artemether/ Artesu  272    1    N    I    1    0   No   No
                               0  No
                               1  Yes
                           (m) 9  
                          (na)    
C234E                  NA - Treatment Malaria oral: Quinine             273    1    N    I    1    0   No   No
                               0  No
                               1  Yes
                           (m) 9  
                          (na)    
C234F                  CS - Treatment Malaria oral: Chloroquine         274    1    N    I    1    0   No   No
                               0  No
                               1  Yes
                           (m) 9  
                          (na)    
C234G                  CS - Treatment Malaria oral: Primaquine          275    1    N    I    1    0   No   No
                               0  No
                               1  Yes
                           (m) 9  
                          (na)    
C234H                  CS - Treatment Malaria oral: Mefloquine          276    1    N    I    1    0   No   No
                               0  No
                               1  Yes
                           (m) 9  
                          (na)    
C234X                  Treatment Malaria oral: Other antimalarial       277    1    N    I    1    0   No   No
                               0  No
                               1  Yes
                           (m) 9  
                          (na)    
C234Y                  Treatment Malaria: No antimalarial treatment fo  278    1    N    I    1    0   No   No
                               0  No
                               1  Yes, no malaria medication given
                           (m) 9  
                          (na)    
C235A                  Treatment Dehydration: Home ORT                  279    1    N    I    1    0   No   No
                               0  No
                               1  Yes
                           (m) 9  
                          (na)    
C235B                  Treatment Dehydration: Initial ORT in facility   280    1    N    I    1    0   No   No
                               0  No
                               1  Yes
                           (m) 9  
                          (na)    
C235C                  Treatment Dehydration: Intravenous fluids        281    1    N    I    1    0   No   No
                               0  No
                               1  Yes
                           (m) 9  
                          (na)    
C235Y                  Treatment Dehydration: No dehydration treatment  282    1    N    I    1    0   No   No
                               0  No
                               1  Yes, no dehydration tx given
                           (m) 9  
                          (na)    
C236A                  Treatment Other: Vitamin A                       283    1    N    I    1    0   No   No
                               0  No
                               1  Yes
                           (m) 9  
                          (na)    
C236B                  Treatment Other: Feeding solid foods             284    1    N    I    1    0   No   No
                               0  No
                               1  Yes
                           (m) 9  
                          (na)    
C236C                  Treatment Other: Feeding extra liquids           285    1    N    I    1    0   No   No
                               0  No
                               1  Yes
                           (m) 9  
                          (na)    
C236D                  Treatment Other: Feeding breast milk             286    1    N    I    1    0   No   No
                               0  No
                               1  Yes
                           (m) 9  
                          (na)    
C236E                  Treatment Other: Prescribe de-worming medicatio  287    1    N    I    1    0   No   No
                               0  No
                               1  Yes
                           (m) 9  
                          (na)    
C236X                  Treatment Other: Other                           288    1    N    I    1    0   No   No
                               0  No
                               1  Yes
                           (m) 9  
                          (na)    
C236Y                  Treatment Other: No other treatment              289    1    N    I    1    0   No   No
                               0  No
                               1  Yes, no other treatment/ advice
                           (m) 9  
                          (na)    
C238                   Child given vaccination                          290    1    N    I    1    0   No   No
                               0  No
                               1  Yes, given
                               2  Yes, referred
                           (m) 9  
                          (na)    
C239                   Reason no vaccination given                      291    2    N    I    1    0   No   No
                               1   Not due for immunization
                               2   Vaccine not available
                               3   Child too sick
                               4   Not day for immunization
                               5   Did not check for immunization
                               6   Completed immunization schedule
                               96  Other
                           (m) 99  
                          (na)     
C250                   Century month code of birth of child (imputed)   293    4    N    I    1    0   No   No
                               0:9998  
                           (m) 9999    
                          (na)         
C251                   Month of birth of child                          297    2    N    I    1    0   No   No
                               1   January
                               2   February
                               3   March
                               4   April
                               5   May
                               6   June
                               7   July
                               8   August
                               9   September
                               10  October
                               11  November
                               12  December
                           (m) 99  
                          (na)     
C252                   Year of birth of child                           299    4    N    I    1    0   No   No
                               2011:2018  
                           (m) 9999       
                          (na)            
C253                   Age in months of child                           303    2    N    I    1    0   No   No
                               0:90  
                           (m) 99    
                          (na)       
C254                   Flag for date of birth                           305    1    N    I    1    0   No   No
                               1  Fully specified date
                               2  Year given
                               3  Age given
                               6  No information
C255A                  Health reason for visit: Cough or difficult bre  306    1    N    I    1    0   No   No
                               0  No
                               1  Yes
                               8  Don't know
                           (m) 9  
                          (na)    
C255B                  Health reason for visit: Diarrhea                307    1    N    I    1    0   No   No
                               0  No
                               1  Yes
                               8  Don't know
                           (m) 9  
                          (na)    
C255C                  Health reason for visit: Fever/body hotness at   308    1    N    I    1    0   No   No
                               0  No
                               1  Yes
                               8  Don't know
                           (m) 9  
                          (na)    
C255D                  Health reason for visit: Vomit everything        309    1    N    I    1    0   No   No
                               0  No
                               1  Yes
                               8  Don't know
                           (m) 9  
                          (na)    
C255E                  Health reason for visit: Feeding, drinking prob  310    1    N    I    1    0   No   No
                               0  No
                               1  Yes
                               8  Don't know
                           (m) 9  
                          (na)    
C255F                  Health reason for visit: Convulsions             311    1    N    I    1    0   No   No
                               0  No
                               1  Yes
                               8  Don't know
                           (m) 9  
                          (na)    
C255G                  Health reason for visit: Sleepiness              312    1    N    I    1    0   No   No
                               0  No
                               1  Yes
                               8  Don't know
                           (m) 9  
                          (na)    
C256A                  NA - Other reason for visit: Eye problems        313    1    N    I    1    0   No   No
                               0  No
                               1  Yes
                           (m) 9  
                          (na)    
C256B                  Other reason for visit: Skin sore                314    1    N    I    1    0   No   No
                               0  No
                               1  Yes
                           (m) 9  
                          (na)    
C256C                  Other reason for visit: Injury                   315    1    N    I    1    0   No   No
                               0  No
                               1  Yes
                           (m) 9  
                          (na)    
C256D                  Other reason for visit: Ear problem              316    1    N    I    1    0   No   No
                               0  No
                               1  Yes
                           (m) 9  
                          (na)    
C256E                  CS - Other reason for visit: Abdominal pain      317    1    N    I    1    0   No   No
                               0  No
                               1  Yes
                           (m) 9  
                          (na)    
C256X                  Other reason for visit: Other                    318    1    N    I    1    0   No   No
                               0  No
                               1  Yes
                           (m) 9  
                          (na)    
C256Y                  Other reason for visit: No other reason          319    1    N    I    1    0   No   No
                               0  No
                               1  Yes, no other reason for visit
                           (m) 9  
                          (na)    
C257                   Other visits for same sickness                   320    1    N    I    1    0   No   No
                               0  No
                               1  Yes, within past week
                               2  Yes, within past 2-4 weeks
                               3  Yes, more than 4 weeks ago
                               4  Yes, don't know when
                               8  Don't know if other visits
                           (m) 9  
                          (na)    
C258                   Days ago illness began                           321    2    N    I    1    0   No   No
                               0:90  
                               98    Don't know
                           (m) 99    
                          (na)       
C259                   Provider named the child's illness               323    1    N    I    1    0   No   No
                               0  No
                               1  Yes
                               8  Don't know
                           (m) 9  
                          (na)    
C260                   Caretaker action if child does not get better o  324    1    N    I    1    0   No   No
                               1  Return to facility
                               2  Go to other facility
                               3  Go to other health worker/pharmacy
                               4  Go to traditional healer
                               5  Wait
                               6  Other
                               8  Don't know
                           (m) 9  
                          (na)    
C261A                  Danger signs addl tx: Fever                      325    1    N    I    1    0   No   No
                               0  No
                               1  Yes
                           (m) 9  
                          (na)    
C261B                  Danger signs addl tx: Breathing problems         326    1    N    I    1    0   No   No
                               0  No
                               1  Yes
                           (m) 9  
                          (na)    
C261C                  Danger signs addl tx: Becomes sicker             327    1    N    I    1    0   No   No
                               0  No
                               1  Yes
                           (m) 9  
                          (na)    
C261D                  Danger signs addl tx: Blood in stool             328    1    N    I    1    0   No   No
                               0  No
                               1  Yes
                           (m) 9  
                          (na)    
C261E                  Danger signs addl tx: Vomiting                   329    1    N    I    1    0   No   No
                               0  No
                               1  Yes
                           (m) 9  
                          (na)    
C261F                  Danger signs addl tx: Poor eating/not eating     330    1    N    I    1    0   No   No
                               0  No
                               1  Yes
                           (m) 9  
                          (na)    
C261G                  Danger signs addl tx: Poor drinking/not drinkin  331    1    N    I    1    0   No   No
                               0  No
                               1  Yes
                           (m) 9  
                          (na)    
C261H                  NA - Danger signs addl tx: Convulsions           332    1    N    I    1    0   No   No
                               0  No
                               1  Yes
                           (m) 9  
                          (na)    
C261X                  Danger signs addl tx: Other                      333    1    N    I    1    0   No   No
                               0  No
                               1  Yes
                           (m) 9  
                          (na)    
C261Y                  Danger signs addl tx: No signs                   334    1    N    I    1    0   No   No
                               0  No
                               1  Yes, no sign
                           (m) 9  
                          (na)    
C261Z                  Danger signs addl tx: Don't know                 335    1    N    I    1    0   No   No
                               0  No
                               1  Yes, don't know
                           (m) 9  
                          (na)    
C262A                  Adv non-emergency return: More medicines         336    1    N    I    1    0   No   No
                               0  No
                               1  Yes
                           (m) 9  
                          (na)    
C262B                  Adv non-emergency return: Symptoms increase or   337    1    N    I    1    0   No   No
                               0  No
                               1  Yes
                           (m) 9  
                          (na)    
C262C                  Adv non-emergency return: Follow-up appointment  338    1    N    I    1    0   No   No
                               0  No
                               1  Yes
                           (m) 9  
                          (na)    
C262D                  Adv non-emergency return: Child admitted         339    1    N    I    1    0   No   No
                               0  No
                               1  Yes
                           (m) 9  
                          (na)    
C262E                  Adv non-emergency return: Routine immunization   340    1    N    I    1    0   No   No
                               0  No
                               1  Yes
                           (m) 9  
                          (na)    
C262F                  NA - Adv non-emergency return: Vitamin A supple  341    1    N    I    1    0   No   No
                               0  No
                               1  Yes
                           (m) 9  
                          (na)    
C262G                  NA - Adv non-emergency return: Lab test results  342    1    N    I    1    0   No   No
                               0  No
                               1  Yes
                           (m) 9  
                          (na)    
C262X                  Adv non-emergency return: Other                  343    1    N    I    1    0   No   No
                               0  No
                               1  Yes
                           (m) 9  
                          (na)    
C262Y                  Adv non-emergency return: No reason              344    1    N    I    1    0   No   No
                               0  No
                               1  Yes. no non-emergency return
                           (m) 9  
                          (na)    
C262Z                  Adv non-emergency return: Don't know             345    1    N    I    1    0   No   No
                               0  No
                               1  Yes, don't know
                           (m) 9  
                          (na)    
C263                   Provider gave or prescribed medicines for home   346    1    N    I    1    0   No   No
                               0  No
                               1  Yes, gave medications
                               2  Yes, gave prescription
                               3  Yes, gave medications and prescriptions
                           (m) 9  
                          (na)    
C264                   Caretaker has medications/prescriptions          347    1    N    I    1    0   No   No
                               0  Has no medications, only prescriptions
                               1  Has all medications
                               2  Has some medications and some unfilled prescriptions
                           (m) 9  
                          (na)    
C265                   Provider explained how to give medications       348    1    N    I    1    0   No   No
                               0  No
                               1  Yes
                               8  Don't know
                           (m) 9  
                          (na)    
C266                   Caretaker feels comfortable about giving medica  349    1    N    I    1    0   No   No
                               0  No
                               1  Yes
                               8  Don't know
                           (m) 9  
                          (na)    
C267                   Child given first dose at facility               350    1    N    I    1    0   No   No
                               0  No
                               1  Yes
                               8  Don't know
                           (m) 9  
                          (na)    
C268                   Child given injection for treatment today        351    1    N    I    1    0   No   No
                               0  No
                               1  Yes, received injection
                               2  Yes, received prescription for injection
                               8  Don't know
                           (m) 9  
                          (na)    
C270                   Provider asked about types of food given when n  352    1    N    I    1    0   No   No
                               0  No
                               1  Yes
                               8  Can't remember
                           (m) 9  
                          (na)    
C271                   Child weighed at facility                        353    1    N    I    1    0   No   No
                               0  No
                               1  Yes
                           (m) 9  
                          (na)    
C272                   Provider talked about weight and how child is g  354    1    N    I    1    0   No   No
                               0  No
                               1  Yes
                           (m) 9  
                          (na)    
C274                   Provider advised about feeding solids during il  355    1    N    I    1    0   No   No
                               0  Didn't discuss
                               1  Give less than usual
                               2  Give same as usual
                               3  Give more than usual
                               4  Give nothing/don't feed solids
                               8  Not certain
                           (m) 9  
                          (na)    
C275                   Provider advised about feeding liquids/breastmi  356    1    N    I    1    0   No   No
                               0  Didn't discuss
                               1  Give less than usual
                               2  Give same as usual
                               3  Give more than usual
                               4  Give nothing/don't feed fluids/breastmilk
                               8  Not certain
                           (m) 9  
                          (na)    
C276                   Child given vaccination                          357    1    N    I    1    0   No   No
                               0  No
                               1  Yes, observed
                               2  Reported, not seen
                               8  Don't know
                           (m) 9  
                          (na)    
C280A                  NA - Referral: Caretaker instructed to take chi  358    1    N    I    1    0   No   No
                               0  No
                               1  Yes
                           (m) 9  
                          (na)    
C280B                  NA - Referral: Caretaker took child for finger/  359    1    N    I    1    0   No   No
                               0  No
                               1  Yes
                           (m) 9  
                          (na)    
C280C                  NA - Referral: Caretaker told result of finger/  360    1    N    I    1    0   No   No
                               0  No
                               1  Yes
                           (m) 9  
                          (na)    
C280D                  Referral: Caretaker instructed to take child fo  361    1    N    I    1    0   No   No
                               0  No
                               1  Yes
                           (m) 9  
                          (na)    
C281A                  Outside referral: Given paper or record to take  362    1    N    I    1    0   No   No
                               0  No
                               1  Yes
                               8  Don't know
                           (m) 9  
                          (na)    
C281B                  Outside referral: Told where to go for referral  363    1    N    I    1    0   No   No
                               0  No
                               1  Yes
                               8  Don't know
                           (m) 9  
                          (na)    
C281C                  Outside referral: Told whom to see for referral  364    1    N    I    1    0   No   No
                               0  No
                               1  Yes
                               8  Don't know
                           (m) 9  
                          (na)    
C281D                  Outside referral: Told why to go for referral    365    1    N    I    1    0   No   No
                               0  No
                               1  Yes
                               8  Don't know
                           (m) 9  
                          (na)    
C281E                  NA - Outside referral: Caretaker intends to go   366    1    N    I    1    0   No   No
                               0  No
                               1  Yes
                               8  Don't know
                           (m) 9  
                          (na)    
C282A                  Provider visited prior to visit: Other provider  367    1    N    I    1    0   No   No
                               0  No
                               1  Yes
                           (m) 9  
                          (na)    
C282B                  Provider visited prior to visit: Other provider  368    1    N    I    1    0   No   No
                               0  No
                               1  Yes
                           (m) 9  
                          (na)    
C282C                  Provider visited prior to visit: Traditional he  369    1    N    I    1    0   No   No
                               0  No
                               1  Yes
                           (m) 9  
                          (na)    
C282Y                  Provider visited prior to visit: No other provi  370    1    N    I    1    0   No   No
                               0  No
                               1  Yes, saw no one
                           (m) 9  
                          (na)    
SXC103D                CS - Day of birth                                371    2    N    I    1    0   No   No
                               1:31  
                               98    Don't know
SXC130                 CS - Caregiver reported vaccination given durin  373    1    N    I    1    0   No   No
                               0  No
                               1  Yes
                               8  Don't know
SXC131                 CS - Has vaccination card observed               374    1    N    I    1    0   No   No
                               0  No
                               1  Yes, date of visit observed
                               2  Yes, but no date for vacc given on day of visit
                           (m) 9  
SXC132                 CS - Observed card shows vaccination on day of   375    1    N    I    1    0   No   No
                               0  No
                               1  Yes
                           (m) 9  
--------------------------------------------------------------------------------------------------------------
Relation Name         Primary               Linked by             Secondary             Linked by
--------------------------------------------------------------------------------------------------------------
