                                                 HTCHA7AFLSR                                                  
                                               HTCHA7AFLSR_DICT                                               

                                      HTCHA7AFLSR.DCF                                                         
                                    Last Modified:  12/17/2019  5:10:38 PM                                    

--------------------------------------------------------------------------------------------------------------
Level Name                    Level Label                                                  Type            Rec
  Record Name                   Record Label                                              Value  Req  Max  Len
--------------------------------------------------------------------------------------------------------------
DQR                           DQR                                                                             
  REC32                         List of multiple community health agents                         Yes    1   14
Level: DQR                                             Record: List of multiple community health agents
--------------------------------------------------------------------------------------------------------------
                                                                                 Data Item            Dec Zero
Item Name              Item Label                                     Start  Len Type Type  Occ  Dec Char Fill
--------------------------------------------------------------------------------------------------------------
INV_ID            (id) Facility identification                            1    5    N    I    1    0   No   No
SF32LINE          (id) Line number                                        6    2    N    I    1    0   No   No
                         (record type)                                    0    0   AN    I    1    0   No   No
SF3203                 Sex                                                8    1    N    I    1    0   No   No
                               1  Male
                               2  Female
SF3204                 Education level                                    9    1    N    I    1    0   No   No
                               1  Primary
                               2  Secondary
                               3  Higher
                               9  Not available
SF3205                 Agent type                                        10    1    N    I    1    0   No   No
                               1  Health worker (ASC)
                               2  Multipurpose community health worker (ASCP)
                               3  Supervisor
SF3208                 Year started to work                              11    4    N    I    1    0   No   No
                               1960:2018  
                               9998       Don't know
                               9999       Not available
--------------------------------------------------------------------------------------------------------------
Relation Name         Primary               Linked by             Secondary             Linked by
--------------------------------------------------------------------------------------------------------------
